Component: ARM Compiler 5.06 update 4 (build 422) Tool: armlink [4d35d2]

==============================================================================

Section Cross References

    main.o(i.main) refers to system_stm32f0xx.o(i.SystemCoreClockUpdate) for SystemCoreClockUpdate
    main.o(i.main) refers to gpio.o(i.initGpio) for initGpio
    main.o(i.main) refers to pub_var.o(i.setParameters) for setParameters
    main.o(i.main) refers to uart.o(i.initUart1) for initUart1
    main.o(i.main) refers to uart.o(i.initUartDma) for initUartDma
    main.o(i.main) refers to uart.o(i.uartNvicConfig) for uartNvicConfig
    main.o(i.main) refers to timer.o(i.initTimers) for initTimers
    main.o(i.main) refers to i2c.o(i.init_i2c) for init_i2c
    main.o(i.main) refers to rtx_kernel.o(.text.osKernelGetState) for osKernelGetState
    main.o(i.main) refers to rtx_kernel.o(.text.osKernelInitialize) for osKernelInitialize
    main.o(i.main) refers to rtx_mutex.o(.text.osMutexNew) for osMutexNew
    main.o(i.main) refers to rtx_evflags.o(.text.osEventFlagsNew) for osEventFlagsNew
    main.o(i.main) refers to rtx_thread.o(.text.osThreadNew) for osThreadNew
    main.o(i.main) refers to rtx_kernel.o(.text.osKernelStart) for osKernelStart
    main.o(i.main) refers to pub_var.o(.bss) for sys_par
    main.o(i.main) refers to main.o(.data) for mutex_i2c
    main.o(i.main) refers to main.o(i.task_Led) for task_Led
    main.o(i.main) refers to uart.o(i.task_Uart1) for task_Uart1
    main.o(i.main) refers to main_task.o(i.task_main) for task_main
    main.o(i.task_Led) refers to rtx_delay.o(.text.osDelay) for osDelay
    main_task.o(i.task_main) refers to rtx_delay.o(.text.osDelay) for osDelay
    main_task.o(i.task_main) refers to wiper.o(i.wiper_write) for wiper_write
    main_task.o(i.task_main) refers to main_task.o(.data) for wiper_value
    pub_var.o(i.setParameters) refers to pub_var.o(.bss) for sys_par
    wiper.o(i.wiper_write) refers to rtx_mutex.o(.text.osMutexAcquire) for osMutexAcquire
    wiper.o(i.wiper_write) refers to i2c.o(i.i2c_master_process) for i2c_master_process
    wiper.o(i.wiper_write) refers to rtx_mutex.o(.text.osMutexRelease) for osMutexRelease
    wiper.o(i.wiper_write) refers to main.o(.data) for mutex_i2c
    wiper.o(i.wiper_write) refers to i2c.o(.bss) for i2c_tx_buf
    wiper.o(i.wiper_write) refers to i2c.o(.data) for i2c_master_send_start_stop
    gpio.o(i.initGpio) refers to stm32f0xx_gpio.o(i.GPIO_PinAFConfig) for GPIO_PinAFConfig
    gpio.o(i.initGpio) refers to stm32f0xx_gpio.o(i.GPIO_Init) for GPIO_Init
    gpio.o(i.readGpioInputs) refers to gpio.o(.data) for ulInputs
    gpio.o(i.readGpioOutputs) refers to gpio.o(.data) for ulOutputs
    gpio.o(i.setGpioOutputs) refers to gpio.o(.data) for ulOutputs
    i2c.o(i.I2C1_IRQHandler) refers to rtx_evflags.o(.text.osEventFlagsSet) for osEventFlagsSet
    i2c.o(i.I2C1_IRQHandler) refers to i2c.o(.data) for ulTempI2C
    i2c.o(i.I2C1_IRQHandler) refers to i2c.o(.bss) for i2c_rx_buf
    i2c.o(i.I2C1_IRQHandler) refers to main.o(.data) for event_general
    i2c.o(i.i2c_master_process) refers to rtx_delay.o(.text.osDelay) for osDelay
    i2c.o(i.i2c_master_process) refers to i2c.o(.data) for i2c_master_send_start_stop
    i2c.o(i.i2c_master_process) refers to i2c.o(.bss) for i2c_tx_buf
    i2c.o(i.init_i2c) refers to i2c.o(i.__NVIC_SetPriority) for __NVIC_SetPriority
    timer.o(i.TIM6_IRQHandler) refers to i2c.o(.data) for uiTimerI2C
    timer.o(i.TIM6_IRQHandler) refers to uart.o(.data) for uiTimerUart1
    timer.o(i.initTimers) refers to timer.o(i.__NVIC_SetPriority) for __NVIC_SetPriority
    uart.o(i.DMA1_Channel2_3_IRQHandler) refers to stm32f0xx_dma.o(i.DMA_ClearITPendingBit) for DMA_ClearITPendingBit
    uart.o(i.DMA1_Channel2_3_IRQHandler) refers to stm32f0xx_dma.o(i.DMA_ClearFlag) for DMA_ClearFlag
    uart.o(i.DMA1_Channel2_3_IRQHandler) refers to stm32f0xx_dma.o(i.DMA_Cmd) for DMA_Cmd
    uart.o(i.DMA1_Channel2_3_IRQHandler) refers to rtx_evflags.o(.text.osEventFlagsSet) for osEventFlagsSet
    uart.o(i.DMA1_Channel2_3_IRQHandler) refers to uart.o(.data) for uart1Flags
    uart.o(i.DMA1_Channel2_3_IRQHandler) refers to main.o(.data) for event_general
    uart.o(i.USART1_IRQHandler) refers to stm32f0xx_usart.o(i.USART_GetITStatus) for USART_GetITStatus
    uart.o(i.USART1_IRQHandler) refers to stm32f0xx_usart.o(i.USART_ClearITPendingBit) for USART_ClearITPendingBit
    uart.o(i.USART1_IRQHandler) refers to stm32f0xx_dma.o(i.DMA_Cmd) for DMA_Cmd
    uart.o(i.USART1_IRQHandler) refers to rtx_evflags.o(.text.osEventFlagsSet) for osEventFlagsSet
    uart.o(i.USART1_IRQHandler) refers to uart.o(.data) for uart1Flags
    uart.o(i.USART1_IRQHandler) refers to uart.o(.bss) for uart1Rx
    uart.o(i.USART1_IRQHandler) refers to main.o(.data) for event_general
    uart.o(i.initUart1) refers to stm32f0xx_usart.o(i.USART_Init) for USART_Init
    uart.o(i.initUart1) refers to stm32f0xx_usart.o(i.USART_SetReceiverTimeOut) for USART_SetReceiverTimeOut
[...]

610 unused section(s) (total 21056 bytes) removed from the image.

==============================================================================

Image Symbol Table

    Local Symbols

    Symbol Name                              Value     Ov Type        Size  Object(Section)

    ../../../Source/rtx_delay.c              0x00000000   Number         0  rtx_delay.o ABSOLUTE
    ../../../Source/rtx_evflags.c            0x00000000   Number         0  rtx_evflags.o ABSOLUTE
    ../../../Source/rtx_kernel.c             0x00000000   Number         0  rtx_kernel.o ABSOLUTE
    ../../../Source/rtx_memory.c             0x00000000   Number         0  rtx_memory.o ABSOLUTE
    ../../../Source/rtx_mempool.c            0x00000000   Number         0  rtx_mempool.o ABSOLUTE
    ../../../Source/rtx_msgqueue.c           0x00000000   Number         0  rtx_msgqueue.o ABSOLUTE
    ../../../Source/rtx_mutex.c              0x00000000   Number         0  rtx_mutex.o ABSOLUTE
    ../../../Source/rtx_system.c             0x00000000   Number         0  rtx_system.o ABSOLUTE
    ../../../Source/rtx_thread.c             0x00000000   Number         0  rtx_thread.o ABSOLUTE
    ../../../Source/rtx_timer.c              0x00000000   Number         0  rtx_timer.o ABSOLUTE
    ../clib/../cmprslib/zerorunl2.c          0x00000000   Number         0  __dczerorl2.o ABSOLUTE
    ../clib/angel/boardlib.s                 0x00000000   Number         0  boardinit3.o ABSOLUTE
    ../clib/angel/boardlib.s                 0x00000000   Number         0  boardinit1.o ABSOLUTE
    ../clib/angel/boardlib.s                 0x00000000   Number         0  boardshut.o ABSOLUTE
    ../clib/angel/handlers.s                 0x00000000   Number         0  __scatter_zi.o ABSOLUTE
    ../clib/angel/kernel.s                   0x00000000   Number         0  rtexit.o ABSOLUTE
    ../clib/angel/kernel.s                   0x00000000   Number         0  __rtentry4.o ABSOLUTE
    ../clib/angel/kernel.s                   0x00000000   Number         0  rtexit2.o ABSOLUTE
    ../clib/angel/kernel.s                   0x00000000   Number         0  __rtentry2.o ABSOLUTE
    ../clib/angel/kernel.s                   0x00000000   Number         0  __rtentry.o ABSOLUTE
    ../clib/angel/rt.s                       0x00000000   Number         0  rt_div0.o ABSOLUTE
    ../clib/angel/rt.s                       0x00000000   Number         0  aeabi_idiv0_sigfpe.o ABSOLUTE
    ../clib/angel/rt.s                       0x00000000   Number         0  aeabi_idiv0.o ABSOLUTE
    ../clib/angel/rt.s                       0x00000000   Number         0  rt_raise.o ABSOLUTE
    ../clib/angel/scatterp.s                 0x00000000   Number         0  __scatter.o ABSOLUTE
    ../clib/angel/startup.s                  0x00000000   Number         0  __main.o ABSOLUTE
    ../clib/angel/sys.s                      0x00000000   Number         0  libspace.o ABSOLUTE
    ../clib/angel/sys.s                      0x00000000   Number         0  use_no_semi.o ABSOLUTE
    ../clib/angel/sys.s                      0x00000000   Number         0  tempstk.o ABSOLUTE
    ../clib/angel/sys.s                      0x00000000   Number         0  sys_stackheap_outer.o ABSOLUTE
    ../clib/angel/sys.s                      0x00000000   Number         0  indicate_semi.o ABSOLUTE
    ../clib/angel/sysapp.c                   0x00000000   Number         0  sys_wrch.o ABSOLUTE
    ../clib/angel/sysapp.c                   0x00000000   Number         0  sys_command.o ABSOLUTE
    ../clib/angel/sysapp.c                   0x00000000   Number         0  sys_exit.o ABSOLUTE
    ../clib/armsys.c                         0x00000000   Number         0  _get_argv_nomalloc.o ABSOLUTE
    ../clib/armsys.c                         0x00000000   Number         0  no_argv.o ABSOLUTE
    ../clib/armsys.c                         0x00000000   Number         0  argv_veneer.o ABSOLUTE
    ../clib/division.s                       0x00000000   Number         0  aeabi_sdivfast.o ABSOLUTE
    ../clib/division.s                       0x00000000   Number         0  aeabi_sdivfast_div0.o ABSOLUTE
    ../clib/heapalloc.c                      0x00000000   Number         0  hrguard.o ABSOLUTE
    ../clib/heapaux.c                        0x00000000   Number         0  heapauxi.o ABSOLUTE
    ../clib/libinit.s                        0x00000000   Number         0  libinit.o ABSOLUTE
    ../clib/libinit.s                        0x00000000   Number         0  libshutdown2.o ABSOLUTE
    ../clib/libinit.s                        0x00000000   Number         0  libshutdown.o ABSOLUTE
    ../clib/libinit.s                        0x00000000   Number         0  libinit2.o ABSOLUTE
    ../clib/memcpset.c                       0x00000000   Number         0  aeabi_memset4.o ABSOLUTE
    ../clib/memcpset.c                       0x00000000   Number         0  rt_memclr.o ABSOLUTE
    ../clib/memcpset.c                       0x00000000   Number         0  rt_memcpy.o ABSOLUTE
    ../clib/memcpset.c                       0x00000000   Number         0  rt_memcpy.o ABSOLUTE
    ../clib/signal.c                         0x00000000   Number         0  defsig_fpe_outer.o ABSOLUTE
    ../clib/signal.c                         0x00000000   Number         0  defsig_rtmem_outer.o ABSOLUTE
    ../clib/signal.c                         0x00000000   Number         0  defsig_general.o ABSOLUTE
    ../clib/signal.c                         0x00000000   Number         0  __raise.o ABSOLUTE
    ../clib/signal.c                         0x00000000   Number         0  defsig_pvfn_inner.o ABSOLUTE
    ../clib/signal.c                         0x00000000   Number         0  defsig_fpe_inner.o ABSOLUTE
    ../clib/signal.c                         0x00000000   Number         0  defsig_exit.o ABSOLUTE
    ../clib/signal.c                         0x00000000   Number         0  defsig_abrt_inner.o ABSOLUTE
    ../clib/signal.c                         0x00000000   Number         0  defsig_rtred_inner.o ABSOLUTE
    ../clib/signal.c                         0x00000000   Number         0  defsig_rtmem_inner.o ABSOLUTE
    ../clib/signal.c                         0x00000000   Number         0  defsig_rtmem_formal.o ABSOLUTE
    ../clib/signal.c                         0x00000000   Number         0  defsig_stak_inner.o ABSOLUTE
    ../clib/signal.c                         0x00000000   Number         0  defsig_cppl_inner.o ABSOLUTE
    ../clib/signal.c                         0x00000000   Number         0  defsig_segv_inner.o ABSOLUTE
    ../clib/signal.c                         0x00000000   Number         0  defsig_other.o ABSOLUTE
    ../clib/signal.c                         0x00000000   Number         0  defsig_fpe_formal.o ABSOLUTE
    ../clib/signal.s                         0x00000000   Number         0  defsig.o ABSOLUTE
    ../clib/stdlib.c                         0x00000000   Number         0  exit.o ABSOLUTE
    ../fplib/cfplib/fpinit.c                 0x00000000   Number         0  fpinit.o ABSOLUTE
    ..\..\..\Source\ARM\irq_cm0.s            0x00000000   Number         0  irq_cm0.o ABSOLUTE
    C:\Keil_v5\ARM\PACK\ARM\CMSIS\5.0.1\CMSIS\RTOS2\RTX\Source\rtx_lib.c 0x00000000   Number         0  rtx_lib.o ABSOLUTE
    C:\\Keil_v5\\ARM\\PACK\\ARM\\CMSIS\\5.0.1\\CMSIS\\RTOS2\\RTX\\Source\\rtx_lib.c 0x00000000   Number         0  rtx_lib.o ABSOLUTE
    RTE\CMSIS\RTX_Config.c                   0x00000000   Number         0  rtx_config.o ABSOLUTE
    RTE\Device\STM32F030R8\startup_stm32f030x8.s 0x00000000   Number         0  startup_stm32f030x8.o ABSOLUTE
    RTE\Device\STM32F030R8\system_stm32f0xx.c 0x00000000   Number         0  system_stm32f0xx.o ABSOLUTE
    RTE\\CMSIS\\RTX_Config.c                 0x00000000   Number         0  rtx_config.o ABSOLUTE
    RTE\\Device\\STM32F030R8\\system_stm32f0xx.c 0x00000000   Number         0  system_stm32f0xx.o ABSOLUTE
    app\\main.c                              0x00000000   Number         0  main.o ABSOLUTE
    app\\main_task.c                         0x00000000   Number         0  main_task.o ABSOLUTE
    app\\wiper.c                             0x00000000   Number         0  wiper.o ABSOLUTE
    app\main.c                               0x00000000   Number         0  main.o ABSOLUTE
    app\main_task.c                          0x00000000   Number         0  main_task.o ABSOLUTE
    app\pub_var.c                            0x00000000   Number         0  pub_var.o ABSOLUTE
    app\util.c                               0x00000000   Number         0  util.o ABSOLUTE
    app\wiper.c                              0x00000000   Number         0  wiper.o ABSOLUTE
    dc.s                                     0x00000000   Number         0  dc.o ABSOLUTE
    driver\\gpio.c                           0x00000000   Number         0  gpio.o ABSOLUTE
    driver\\i2c.c                            0x00000000   Number         0  i2c.o ABSOLUTE
    driver\\timer.c                          0x00000000   Number         0  timer.o ABSOLUTE
    driver\\uart.c                           0x00000000   Number         0  uart.o ABSOLUTE
    driver\gpio.c                            0x00000000   Number         0  gpio.o ABSOLUTE
    driver\i2c.c                             0x00000000   Number         0  i2c.o ABSOLUTE
    driver\timer.c                           0x00000000   Number         0  timer.o ABSOLUTE
    driver\uart.c                            0x00000000   Number         0  uart.o ABSOLUTE
    stm32_lib\\stm32f0xx_dma.c               0x00000000   Number         0  stm32f0xx_dma.o ABSOLUTE
    stm32_lib\\stm32f0xx_gpio.c              0x00000000   Number         0  stm32f0xx_gpio.o ABSOLUTE
    stm32_lib\\stm32f0xx_i2c.c               0x00000000   Number         0  stm32f0xx_i2c.o ABSOLUTE
    stm32_lib\\stm32f0xx_misc.c              0x00000000   Number         0  stm32f0xx_misc.o ABSOLUTE
    stm32_lib\\stm32f0xx_rcc.c               0x00000000   Number         0  stm32f0xx_rcc.o ABSOLUTE
    stm32_lib\\stm32f0xx_tim.c               0x00000000   Number         0  stm32f0xx_tim.o ABSOLUTE
    stm32_lib\\stm32f0xx_usart.c             0x00000000   Number         0  stm32f0xx_usart.o ABSOLUTE
    stm32_lib\stm32f0xx_dma.c                0x00000000   Number         0  stm32f0xx_dma.o ABSOLUTE
    stm32_lib\stm32f0xx_gpio.c               0x00000000   Number         0  stm32f0xx_gpio.o ABSOLUTE
    stm32_lib\stm32f0xx_i2c.c                0x00000000   Number         0  stm32f0xx_i2c.o ABSOLUTE
    stm32_lib\stm32f0xx_misc.c               0x00000000   Number         0  stm32f0xx_misc.o ABSOLUTE
    stm32_lib\stm32f0xx_rcc.c                0x00000000   Number         0  stm32f0xx_rcc.o ABSOLUTE
    stm32_lib\stm32f0xx_tim.c                0x00000000   Number         0  stm32f0xx_tim.o ABSOLUTE
    stm32_lib\stm32f0xx_usart.c              0x00000000   Number         0  stm32f0xx_usart.o ABSOLUTE
    RESET                                    0x08000000   Section      180  startup_stm32f030x8.o(RESET)
    !!!main                                  0x080000b4   Section        8  __main.o(!!!main)
    !!!scatter                               0x080000bc   Section       60  __scatter.o(!!!scatter)
    !!handler_zi                             0x080000f8   Section       28  __scatter_zi.o(!!handler_zi)
    .ARM.Collect$$libinit$$00000000          0x08000114   Section        2  libinit.o(.ARM.Collect$$libinit$$00000000)
    .ARM.Collect$$libinit$$00000002          0x08000116   Section        0  libinit2.o(.ARM.Collect$$libinit$$00000002)
    .ARM.Collect$$libinit$$00000004          0x08000116   Section        0  libinit2.o(.ARM.Collect$$libinit$$00000004)
    .ARM.Collect$$libinit$$0000000A          0x08000116   Section        0  libinit2.o(.ARM.Collect$$libinit$$0000000A)
    .ARM.Collect$$libinit$$0000000C          0x08000116   Section        0  libinit2.o(.ARM.Collect$$libinit$$0000000C)
    .ARM.Collect$$libinit$$0000000E          0x08000116   Section        0  libinit2.o(.ARM.Collect$$libinit$$0000000E)
    .ARM.Collect$$libinit$$00000011          0x08000116   Section        0  libinit2.o(.ARM.Collect$$libinit$$00000011)
    .ARM.Collect$$libinit$$00000013          0x08000116   Section        0  libinit2.o(.ARM.Collect$$libinit$$00000013)
    .ARM.Collect$$libinit$$00000015          0x08000116   Section        0  libinit2.o(.ARM.Collect$$libinit$$00000015)
    .ARM.Collect$$libinit$$00000017          0x08000116   Section        0  libinit2.o(.ARM.Collect$$libinit$$00000017)
    .ARM.Collect$$libinit$$00000019          0x08000116   Section        0  libinit2.o(.ARM.Collect$$libinit$$00000019)
    .ARM.Collect$$libinit$$0000001B          0x08000116   Section        0  libinit2.o(.ARM.Collect$$libinit$$0000001B)
    .ARM.Collect$$libinit$$0000001D          0x08000116   Section        0  libinit2.o(.ARM.Collect$$libinit$$0000001D)
    .ARM.Collect$$libinit$$0000001F          0x08000116   Section        0  libinit2.o(.ARM.Collect$$libinit$$0000001F)
    .ARM.Collect$$libinit$$00000021          0x08000116   Section        0  libinit2.o(.ARM.Collect$$libinit$$00000021)
    .ARM.Collect$$libinit$$00000023          0x08000116   Section        0  libinit2.o(.ARM.Collect$$libinit$$00000023)
    .ARM.Collect$$libinit$$00000025          0x08000116   Section        0  libinit2.o(.ARM.Collect$$libinit$$00000025)
    .ARM.Collect$$libinit$$0000002C          0x08000116   Section        0  libinit2.o(.ARM.Collect$$libinit$$0000002C)
    .ARM.Collect$$libinit$$0000002E          0x08000116   Section        0  libinit2.o(.ARM.Collect$$libinit$$0000002E)
    .ARM.Collect$$libinit$$00000030          0x08000116   Section        0  libinit2.o(.ARM.Collect$$libinit$$00000030)
    .ARM.Collect$$libinit$$00000032          0x08000116   Section        0  libinit2.o(.ARM.Collect$$libinit$$00000032)
    .ARM.Collect$$libinit$$00000033          0x08000116   Section        2  libinit2.o(.ARM.Collect$$libinit$$00000033)
    .ARM.Collect$$libshutdown$$00000000      0x08000118   Section        2  libshutdown.o(.ARM.Collect$$libshutdown$$00000000)
    .ARM.Collect$$libshutdown$$00000002      0x0800011a   Section        0  libshutdown2.o(.ARM.Collect$$libshutdown$$00000002)
    .ARM.Collect$$libshutdown$$00000004      0x0800011a   Section        0  libshutdown2.o(.ARM.Collect$$libshutdown$$00000004)
    .ARM.Collect$$libshutdown$$00000007      0x0800011a   Section        0  libshutdown2.o(.ARM.Collect$$libshutdown$$00000007)
    .ARM.Collect$$libshutdown$$0000000A      0x0800011a   Section        0  libshutdown2.o(.ARM.Collect$$libshutdown$$0000000A)
    .ARM.Collect$$libshutdown$$0000000C      0x0800011a   Section        0  libshutdown2.o(.ARM.Collect$$libshutdown$$0000000C)
    .ARM.Collect$$libshutdown$$0000000F      0x0800011a   Section        0  libshutdown2.o(.ARM.Collect$$libshutdown$$0000000F)
    .ARM.Collect$$libshutdown$$00000010      0x0800011a   Section        2  libshutdown2.o(.ARM.Collect$$libshutdown$$00000010)
    .ARM.Collect$$rtentry$$00000000          0x0800011c   Section        0  __rtentry.o(.ARM.Collect$$rtentry$$00000000)
    .ARM.Collect$$rtentry$$00000002          0x0800011c   Section        0  __rtentry2.o(.ARM.Collect$$rtentry$$00000002)
    .ARM.Collect$$rtentry$$00000004          0x0800011c   Section        6  __rtentry4.o(.ARM.Collect$$rtentry$$00000004)
    .ARM.Collect$$rtentry$$00000008          0x08000122   Section        8  __rtentry2.o(.ARM.Collect$$rtentry$$00000008)
    .ARM.Collect$$rtentry$$0000000A          0x0800012a   Section        4  __rtentry2.o(.ARM.Collect$$rtentry$$0000000A)
    .ARM.Collect$$rtentry$$0000000C          0x0800012e   Section        0  __rtentry2.o(.ARM.Collect$$rtentry$$0000000C)
    .ARM.Collect$$rtentry$$0000000D          0x0800012e   Section        8  __rtentry2.o(.ARM.Collect$$rtentry$$0000000D)
    .ARM.Collect$$rtexit$$00000000           0x08000136   Section        2  rtexit.o(.ARM.Collect$$rtexit$$00000000)
    .ARM.Collect$$rtexit$$00000002           0x08000138   Section        0  rtexit2.o(.ARM.Collect$$rtexit$$00000002)
    .ARM.Collect$$rtexit$$00000003           0x08000138   Section        4  rtexit2.o(.ARM.Collect$$rtexit$$00000003)
    .ARM.Collect$$rtexit$$00000004           0x0800013c   Section        6  rtexit2.o(.ARM.Collect$$rtexit$$00000004)
    .emb_text                                0x08000144   Section       56  rt_memcpy.o(.emb_text)
    .text                                    0x0800017c   Section       56  startup_stm32f030x8.o(.text)
    .text                                    0x080001b4   Section      152  irq_cm0.o(.text)
    .text                                    0x0800024c   Section        0  rt_memcpy.o(.text)
    .text                                    0x080002ce   Section        0  aeabi_memset4.o(.text)
    .text                                    0x080002e0   Section        0  rt_memclr.o(.text)
    .text                                    0x08000320   Section      488  aeabi_sdivfast.o(.text)
    .text                                    0x08000508   Section        0  heapauxi.o(.text)
    .text                                    0x0800050e   Section       62  sys_stackheap_outer.o(.text)
    .text                                    0x0800054c   Section        0  exit.o(.text)
    .text                                    0x0800055c   Section        8  libspace.o(.text)
    .text                                    0x08000564   Section        0  sys_exit.o(.text)
    .text                                    0x08000570   Section        2  use_no_semi.o(.text)
    .text                                    0x08000572   Section        0  indicate_semi.o(.text)
    .text                                    0x08000572   Section        0  __dczerorl2.o(.text)
    [Anonymous Symbol]                       0x080005c8   Section        0  rtx_delay.o(.text.osDelay)
    __arm_cp.2_0                             0x080005e8   Number         4  rtx_delay.o(.text.osDelay)
    [Anonymous Symbol]                       0x080005ec   Section        0  rtx_evflags.o(.text.osEventFlagsNew)
    __arm_cp.8_0                             0x08000620   Number         4  rtx_evflags.o(.text.osEventFlagsNew)
    [Anonymous Symbol]                       0x08000624   Section        0  rtx_evflags.o(.text.osEventFlagsSet)
    __arm_cp.10_0                            0x08000678   Number         4  rtx_evflags.o(.text.osEventFlagsSet)
    [Anonymous Symbol]                       0x0800067c   Section        0  rtx_evflags.o(.text.osEventFlagsWait)
    __arm_cp.13_0                            0x08000738   Number         4  rtx_evflags.o(.text.osEventFlagsWait)
    [Anonymous Symbol]                       0x0800073c   Section        0  rtx_kernel.o(.text.osKernelGetState)
    __arm_cp.15_0                            0x08000768   Number         4  rtx_kernel.o(.text.osKernelGetState)
    __arm_cp.15_1                            0x0800076c   Number         4  rtx_kernel.o(.text.osKernelGetState)
    [Anonymous Symbol]                       0x08000770   Section        0  rtx_kernel.o(.text.osKernelInitialize)
    __arm_cp.13_0                            0x080007a4   Number         4  rtx_kernel.o(.text.osKernelInitialize)
    [Anonymous Symbol]                       0x080007a8   Section        0  rtx_kernel.o(.text.osKernelStart)
    __arm_cp.16_0                            0x080007dc   Number         4  rtx_kernel.o(.text.osKernelStart)
    [Anonymous Symbol]                       0x080007e0   Section        0  rtx_msgqueue.o(.text.osMessageQueuePut)
    __arm_cp.13_0                            0x0800085c   Number         4  rtx_msgqueue.o(.text.osMessageQueuePut)
    [Anonymous Symbol]                       0x08000860   Section        0  rtx_mutex.o(.text.osMutexAcquire)
    __arm_cp.9_0                             0x08000880   Number         4  rtx_mutex.o(.text.osMutexAcquire)
    [Anonymous Symbol]                       0x08000884   Section        0  rtx_mutex.o(.text.osMutexDelete)
    __arm_cp.12_0                            0x080008a4   Number         4  rtx_mutex.o(.text.osMutexDelete)
    [Anonymous Symbol]                       0x080008a8   Section        0  rtx_mutex.o(.text.osMutexNew)
    __arm_cp.7_0                             0x080008dc   Number         4  rtx_mutex.o(.text.osMutexNew)
    [Anonymous Symbol]                       0x080008e0   Section        0  rtx_mutex.o(.text.osMutexRelease)
    __arm_cp.10_0                            0x08000900   Number         4  rtx_mutex.o(.text.osMutexRelease)
    [Anonymous Symbol]                       0x08000904   Section        0  rtx_evflags.o(.text.osRtxEventFlagsPostProcess)
    [Anonymous Symbol]                       0x080009a4   Section        0  rtx_memory.o(.text.osRtxMemoryAlloc)
    [Anonymous Symbol]                       0x08000a1a   Section        0  rtx_memory.o(.text.osRtxMemoryFree)
    [Anonymous Symbol]                       0x08000a64   Section        0  rtx_memory.o(.text.osRtxMemoryInit)
    [Anonymous Symbol]                       0x08000a9a   Section        0  rtx_mempool.o(.text.osRtxMemoryPoolAlloc)
    [Anonymous Symbol]                       0x08000ad0   Section        0  rtx_mempool.o(.text.osRtxMemoryPoolFree)
    [Anonymous Symbol]                       0x08000b0e   Section        0  rtx_mempool.o(.text.osRtxMemoryPoolInit)
    [Anonymous Symbol]                       0x08000b52   Section        0  rtx_mutex.o(.text.osRtxMutexOwnerRelease)
    [Anonymous Symbol]                       0x08000b98   Section        0  rtx_system.o(.text.osRtxPendSV_Handler)
    __arm_cp.2_0                             0x08000c34   Number         4  rtx_system.o(.text.osRtxPendSV_Handler)
    [Anonymous Symbol]                       0x08000c38   Section        0  rtx_system.o(.text.osRtxPostProcess)
    __arm_cp.3_0                             0x08000ca4   Number         4  rtx_system.o(.text.osRtxPostProcess)
    __arm_cp.3_1                             0x08000ca8   Number         4  rtx_system.o(.text.osRtxPostProcess)
    [Anonymous Symbol]                       0x08000cac   Section        0  rtx_system.o(.text.osRtxSysTimerAckIRQ)
    __arm_cp.1_0                             0x08000cb4   Number         4  rtx_system.o(.text.osRtxSysTimerAckIRQ)
    [Anonymous Symbol]                       0x08000cb8   Section        0  rtx_system.o(.text.osRtxSysTimerEnable)
    __arm_cp.5_0                             0x08000cc0   Number         4  rtx_system.o(.text.osRtxSysTimerEnable)
    [Anonymous Symbol]                       0x08000cc4   Section        0  rtx_system.o(.text.osRtxSysTimerSetup)
    __arm_cp.4_0                             0x08000cec   Number         4  rtx_system.o(.text.osRtxSysTimerSetup)
    __arm_cp.4_1                             0x08000cf0   Number         4  rtx_system.o(.text.osRtxSysTimerSetup)
    __arm_cp.4_2                             0x08000cf4   Number         4  rtx_system.o(.text.osRtxSysTimerSetup)
    __arm_cp.4_3                             0x08000cf8   Number         4  rtx_system.o(.text.osRtxSysTimerSetup)
    [Anonymous Symbol]                       0x08000cfc   Section        0  rtx_thread.o(.text.osRtxThreadDelayTick)
    __arm_cp.9_0                             0x08000d78   Number         4  rtx_thread.o(.text.osRtxThreadDelayTick)
    [Anonymous Symbol]                       0x08000d7c   Section        0  rtx_thread.o(.text.osRtxThreadDispatch)
    __arm_cp.14_0                            0x08000ea4   Number         4  rtx_thread.o(.text.osRtxThreadDispatch)
    [Anonymous Symbol]                       0x08000ea8   Section        0  rtx_thread.o(.text.osRtxThreadListGet)
    [Anonymous Symbol]                       0x08000ec0   Section        0  rtx_thread.o(.text.osRtxThreadListPut)
    [Anonymous Symbol]                       0x08000ef8   Section        0  rtx_thread.o(.text.osRtxThreadListRemove)
    [Anonymous Symbol]                       0x08000f10   Section        0  rtx_thread.o(.text.osRtxThreadListSort)
    [Anonymous Symbol]                       0x08000f6c   Section        0  rtx_thread.o(.text.osRtxThreadPostProcess)
    __arm_cp.17_0                            0x08001070   Number         4  rtx_thread.o(.text.osRtxThreadPostProcess)
    [Anonymous Symbol]                       0x08001074   Section        0  rtx_thread.o(.text.osRtxThreadReadyPut)
    __arm_cp.6_0                             0x080010b8   Number         4  rtx_thread.o(.text.osRtxThreadReadyPut)
    [Anonymous Symbol]                       0x080010bc   Section        0  rtx_thread.o(.text.osRtxThreadRegPtr)
    [Anonymous Symbol]                       0x080010c4   Section        0  rtx_thread.o(.text.osRtxThreadStackCheck)
    __arm_cp.13_0                            0x080010e8   Number         4  rtx_thread.o(.text.osRtxThreadStackCheck)
    __arm_cp.13_1                            0x080010ec   Number         4  rtx_thread.o(.text.osRtxThreadStackCheck)
    [Anonymous Symbol]                       0x080010f0   Section        0  rtx_thread.o(.text.osRtxThreadSwitch)
    __arm_cp.12_0                            0x08001100   Number         4  rtx_thread.o(.text.osRtxThreadSwitch)
    [Anonymous Symbol]                       0x08001104   Section        0  rtx_thread.o(.text.osRtxThreadWaitEnter)
    __arm_cp.16_0                            0x080011e8   Number         4  rtx_thread.o(.text.osRtxThreadWaitEnter)
    [Anonymous Symbol]                       0x080011ec   Section        0  rtx_thread.o(.text.osRtxThreadWaitExit)
    __arm_cp.15_0                            0x08001290   Number         4  rtx_thread.o(.text.osRtxThreadWaitExit)
    [Anonymous Symbol]                       0x08001294   Section        0  rtx_system.o(.text.osRtxTick_Handler)
    __arm_cp.0_0                             0x08001308   Number         4  rtx_system.o(.text.osRtxTick_Handler)
    [Anonymous Symbol]                       0x0800130c   Section        0  rtx_timer.o(.text.osRtxTimerTick)
    __arm_cp.0_0                             0x080013ac   Number         4  rtx_timer.o(.text.osRtxTimerTick)
    [Anonymous Symbol]                       0x080013b0   Section        0  rtx_thread.o(.text.osThreadExit)
    __arm_cp.19_0                            0x080013b8   Number         4  rtx_thread.o(.text.osThreadExit)
    [Anonymous Symbol]                       0x080013bc   Section        0  rtx_thread.o(.text.osThreadNew)
    __arm_cp.40_0                            0x080013f0   Number         4  rtx_thread.o(.text.osThreadNew)
    [Anonymous Symbol]                       0x080013f4   Section        0  rtx_delay.o(.text.svcRtxDelay)
    [Anonymous Symbol]                       0x08001408   Section        0  rtx_evflags.o(.text.svcRtxEventFlagsNew)
    __arm_cp.1_0                             0x08001478   Number         4  rtx_evflags.o(.text.svcRtxEventFlagsNew)
    __arm_cp.1_1                             0x0800147c   Number         4  rtx_evflags.o(.text.svcRtxEventFlagsNew)
    [Anonymous Symbol]                       0x08001480   Section        0  rtx_evflags.o(.text.svcRtxEventFlagsSet)
    [Anonymous Symbol]                       0x08001590   Section        0  rtx_evflags.o(.text.svcRtxEventFlagsWait)
    __arm_cp.6_0                             0x0800167c   Number         4  rtx_evflags.o(.text.svcRtxEventFlagsWait)
    [Anonymous Symbol]                       0x08001680   Section        0  rtx_kernel.o(.text.svcRtxKernelGetState)
    __arm_cp.2_0                             0x08001688   Number         4  rtx_kernel.o(.text.svcRtxKernelGetState)
    [Anonymous Symbol]                       0x0800168c   Section        0  rtx_kernel.o(.text.svcRtxKernelInitialize)
    __arm_cp.0_0                             0x08001834   Number         4  rtx_kernel.o(.text.svcRtxKernelInitialize)
    __arm_cp.0_1                             0x08001838   Number         4  rtx_kernel.o(.text.svcRtxKernelInitialize)
    __arm_cp.0_2                             0x0800183c   Number         4  rtx_kernel.o(.text.svcRtxKernelInitialize)
    [Anonymous Symbol]                       0x08001840   Section        0  rtx_kernel.o(.text.svcRtxKernelStart)
    __arm_cp.3_0                             0x080018bc   Number         4  rtx_kernel.o(.text.svcRtxKernelStart)
    __arm_cp.3_1                             0x080018c0   Number         4  rtx_kernel.o(.text.svcRtxKernelStart)
    __arm_cp.3_2                             0x080018c4   Number         4  rtx_kernel.o(.text.svcRtxKernelStart)
    __arm_cp.3_3                             0x080018c8   Number         4  rtx_kernel.o(.text.svcRtxKernelStart)
    __arm_cp.3_4                             0x080018cc   Number         4  rtx_kernel.o(.text.svcRtxKernelStart)
    [Anonymous Symbol]                       0x080018d0   Section        0  rtx_msgqueue.o(.text.svcRtxMessageQueuePut)
    __arm_cp.3_0                             0x08001a00   Number         4  rtx_msgqueue.o(.text.svcRtxMessageQueuePut)
    [Anonymous Symbol]                       0x08001a04   Section        0  rtx_mutex.o(.text.svcRtxMutexAcquire)
    __arm_cp.3_0                             0x08001aa4   Number         4  rtx_mutex.o(.text.svcRtxMutexAcquire)
    [Anonymous Symbol]                       0x08001aa8   Section        0  rtx_mutex.o(.text.svcRtxMutexDelete)
    __arm_cp.6_0                             0x08001b7c   Number         4  rtx_mutex.o(.text.svcRtxMutexDelete)
    [Anonymous Symbol]                       0x08001b80   Section        0  rtx_mutex.o(.text.svcRtxMutexNew)
    __arm_cp.1_0                             0x08001bf4   Number         4  rtx_mutex.o(.text.svcRtxMutexNew)
    [Anonymous Symbol]                       0x08001bf8   Section        0  rtx_mutex.o(.text.svcRtxMutexRelease)
    __arm_cp.4_0                             0x08001cc0   Number         4  rtx_mutex.o(.text.svcRtxMutexRelease)
    [Anonymous Symbol]                       0x08001cc4   Section        0  rtx_thread.o(.text.svcRtxThreadExit)
    __arm_cp.32_0                            0x08001e14   Number         4  rtx_thread.o(.text.svcRtxThreadExit)
    [Anonymous Symbol]                       0x08001e18   Section        0  rtx_thread.o(.text.svcRtxThreadNew)
    __arm_cp.18_0                            0x0800204c   Number         4  rtx_thread.o(.text.svcRtxThreadNew)
    __arm_cp.18_1                            0x08002050   Number         4  rtx_thread.o(.text.svcRtxThreadNew)
    __arm_cp.18_2                            0x08002054   Number         4  rtx_thread.o(.text.svcRtxThreadNew)
    __arm_cp.18_3                            0x08002058   Number         4  rtx_thread.o(.text.svcRtxThreadNew)
    __arm_cp.18_4                            0x0800205c   Number         4  rtx_thread.o(.text.svcRtxThreadNew)
    i.DMA1_Channel2_3_IRQHandler             0x08002060   Section        0  uart.o(i.DMA1_Channel2_3_IRQHandler)
    i.DMA_ClearFlag                          0x0800209c   Section        0  stm32f0xx_dma.o(i.DMA_ClearFlag)
    i.DMA_ClearITPendingBit                  0x080020bc   Section        0  stm32f0xx_dma.o(i.DMA_ClearITPendingBit)
    i.DMA_Cmd                                0x080020dc   Section        0  stm32f0xx_dma.o(i.DMA_Cmd)
    i.DMA_DeInit                             0x080020f8   Section        0  stm32f0xx_dma.o(i.DMA_DeInit)
    i.DMA_ITConfig                           0x0800225c   Section        0  stm32f0xx_dma.o(i.DMA_ITConfig)
    i.DMA_Init                               0x08002270   Section        0  stm32f0xx_dma.o(i.DMA_Init)
    i.GPIO_Init                              0x080022b0   Section        0  stm32f0xx_gpio.o(i.GPIO_Init)
    i.GPIO_PinAFConfig                       0x08002340   Section        0  stm32f0xx_gpio.o(i.GPIO_PinAFConfig)
    i.I2C1_IRQHandler                        0x08002384   Section        0  i2c.o(i.I2C1_IRQHandler)
    i.NVIC_Init                              0x08002584   Section        0  stm32f0xx_misc.o(i.NVIC_Init)
    i.RCC_GetClocksFreq                      0x080025f4   Section        0  stm32f0xx_rcc.o(i.RCC_GetClocksFreq)
    i.SystemCoreClockUpdate                  0x0800283c   Section        0  system_stm32f0xx.o(i.SystemCoreClockUpdate)
    i.SystemInit                             0x080028f0   Section        0  system_stm32f0xx.o(i.SystemInit)
    i.TIM6_IRQHandler                        0x080029e8   Section        0  timer.o(i.TIM6_IRQHandler)
    i.USART1_IRQHandler                      0x08002a2c   Section        0  uart.o(i.USART1_IRQHandler)
    i.USART_ClearITPendingBit                0x08002ad8   Section        0  stm32f0xx_usart.o(i.USART_ClearITPendingBit)
    i.USART_DMACmd                           0x08002aea   Section        0  stm32f0xx_usart.o(i.USART_DMACmd)
    i.USART_GetITStatus                      0x08002afe   Section        0  stm32f0xx_usart.o(i.USART_GetITStatus)
    i.USART_ITConfig                         0x08002b4c   Section        0  stm32f0xx_usart.o(i.USART_ITConfig)
    i.USART_Init                             0x08002b90   Section        0  stm32f0xx_usart.o(i.USART_Init)
    i.USART_ReceiverTimeOutCmd               0x08002c88   Section        0  stm32f0xx_usart.o(i.USART_ReceiverTimeOutCmd)
    i.USART_SetReceiverTimeOut               0x08002ca4   Section        0  stm32f0xx_usart.o(i.USART_SetReceiverTimeOut)
    i.__ARM_common_switch8                   0x08002cb4   Section        0  rtx_config.o(i.__ARM_common_switch8)
    i.__NVIC_SetPriority                     0x08002cd0   Section        0  i2c.o(i.__NVIC_SetPriority)
    __NVIC_SetPriority                       0x08002cd1   Thumb Code   110  i2c.o(i.__NVIC_SetPriority)
    i.__NVIC_SetPriority                     0x08002d48   Section        0  timer.o(i.__NVIC_SetPriority)
    __NVIC_SetPriority                       0x08002d49   Thumb Code   110  timer.o(i.__NVIC_SetPriority)
    i._mutex_acquire                         0x08002dc0   Section        0  rtx_lib.o(i._mutex_acquire)
    __tagsym$$used                           0x08002dc1   Number         0  rtx_lib.o(i._mutex_acquire)
    i._mutex_free                            0x08002dd8   Section        0  rtx_lib.o(i._mutex_free)
    __tagsym$$used                           0x08002dd9   Number         0  rtx_lib.o(i._mutex_free)
    i._mutex_initialize                      0x08002de4   Section        0  rtx_lib.o(i._mutex_initialize)
    __tagsym$$used                           0x08002de5   Number         0  rtx_lib.o(i._mutex_initialize)
    i._mutex_release                         0x08002e06   Section        0  rtx_lib.o(i._mutex_release)
    __tagsym$$used                           0x08002e07   Number         0  rtx_lib.o(i._mutex_release)
    i._platform_post_stackheap_init          0x08002e1a   Section        0  rtx_lib.o(i._platform_post_stackheap_init)
    i.i2c_master_process                     0x08002e24   Section        0  i2c.o(i.i2c_master_process)
    i.initGpio                               0x08002f40   Section        0  gpio.o(i.initGpio)
    i.initTimers                             0x08003038   Section        0  timer.o(i.initTimers)
    i.initUart1                              0x080030b0   Section        0  uart.o(i.initUart1)
    i.initUartDma                            0x08003130   Section        0  uart.o(i.initUartDma)
    i.init_i2c                               0x08003204   Section        0  i2c.o(i.init_i2c)
    i.main                                   0x08003298   Section        0  main.o(i.main)
    i.osRtxErrorNotify                       0x08003334   Section        0  rtx_config.o(i.osRtxErrorNotify)
    i.osRtxIdleThread                        0x08003354   Section        0  rtx_config.o(i.osRtxIdleThread)
    i.os_kernel_is_active                    0x08003358   Section        0  rtx_lib.o(i.os_kernel_is_active)
    os_kernel_is_active                      0x08003359   Thumb Code    34  rtx_lib.o(i.os_kernel_is_active)
    i.setParameters                          0x08003380   Section        0  pub_var.o(i.setParameters)
    i.task_Led                               0x080033a4   Section        0  main.o(i.task_Led)
    i.task_Uart1                             0x080033cc   Section        0  uart.o(i.task_Uart1)
    i.task_main                              0x080033ec   Section        0  main_task.o(i.task_main)
    i.uartNvicConfig                         0x08003418   Section        0  uart.o(i.uartNvicConfig)
    i.wiper_write                            0x08003440   Section        0  wiper.o(i.wiper_write)
    .constdata                               0x0800348c   Section      100  rtx_lib.o(.constdata)
    os_idle_thread_attr                      0x0800348c   Data          36  rtx_lib.o(.constdata)
    os_timer_thread_attr                     0x080034b0   Data          36  rtx_lib.o(.constdata)
    os_timer_mq_attr                         0x080034d4   Data          24  rtx_lib.o(.constdata)
    .constdata                               0x080034f0   Section       16  system_stm32f0xx.o(.constdata)
    .constdata                               0x08003500   Section        1  irq_cm0.o(.constdata)
    .rodata                                  0x08003504   Section      104  rtx_lib.o(.rodata)
    __tagsym$$used                           0x08003504   Number         0  rtx_lib.o(.rodata)
    [Anonymous Symbol]                       0x0800356c   Section        0  rtx_kernel.o(.rodata.str1.4)
    .L.str                                   0x0800356c   Data          11  rtx_kernel.o(.rodata.str1.4)
    .bss.os                                  0x20000000   Section     4656  rtx_lib.o(.bss.os)
    os_mem                                   0x20000000   Data        4096  rtx_lib.o(.bss.os)
    os_isr_queue                             0x20001000   Data          64  rtx_lib.o(.bss.os)
    os_libspace                              0x20001040   Data         480  rtx_lib.o(.bss.os)
    os_libspace_id                           0x20001220   Data          16  rtx_lib.o(.bss.os)
    .bss.os.msgqueue.cb                      0x20001230   Section       52  rtx_lib.o(.bss.os.msgqueue.cb)
    os_timer_mq_cb                           0x20001230   Data          52  rtx_lib.o(.bss.os.msgqueue.cb)
    .bss.os.msgqueue.mem                     0x20001264   Section       80  rtx_lib.o(.bss.os.msgqueue.mem)
    os_timer_mq_data                         0x20001264   Data          80  rtx_lib.o(.bss.os.msgqueue.mem)
    .bss.os.thread.cb                        0x200012b4   Section      136  rtx_lib.o(.bss.os.thread.cb)
    os_idle_thread_cb                        0x200012b4   Data          68  rtx_lib.o(.bss.os.thread.cb)
    os_timer_thread_cb                       0x200012f8   Data          68  rtx_lib.o(.bss.os.thread.cb)
    .bss.os.thread.stack                     0x20001340   Section      400  rtx_lib.o(.bss.os.thread.stack)
    os_idle_thread_stack                     0x20001340   Data         200  rtx_lib.o(.bss.os.thread.stack)
    os_timer_thread_stack                    0x20001408   Data         200  rtx_lib.o(.bss.os.thread.stack)
    .data                                    0x200014d0   Section        8  main.o(.data)
    .data                                    0x200014d8   Section        1  main_task.o(.data)
    .data                                    0x200014dc   Section       22  i2c.o(.data)
    .data                                    0x200014f2   Section       74  uart.o(.data)
    .data                                    0x2000153c   Section       16  stm32f0xx_rcc.o(.data)
    APBAHBPrescTable                         0x2000153c   Data          16  stm32f0xx_rcc.o(.data)
    .data                                    0x2000154c   Section        5  rtx_lib.o(.data)
    os_kernel_active                         0x20001550   Data           1  rtx_lib.o(.data)
    .data                                    0x20001554   Section        4  system_stm32f0xx.o(.data)
    .bss                                     0x20001600   Section       10  pub_var.o(.bss)
    .bss                                     0x2000160a   Section       68  i2c.o(.bss)
    .bss                                     0x20001650   Section      136  uart.o(.bss)
    .bss                                     0x200016d8   Section       96  libspace.o(.bss)
    HEAP                                     0x20001738   Section      512  startup_stm32f030x8.o(HEAP)
    Heap_Mem                                 0x20001738   Data         512  startup_stm32f030x8.o(HEAP)
    STACK                                    0x20001938   Section     1280  startup_stm32f030x8.o(STACK)
    Stack_Mem                                0x20001938   Data        1280  startup_stm32f030x8.o(STACK)
    __initial_sp                             0x20001e38   Data           0  startup_stm32f030x8.o(STACK)

    Global Symbols

    Symbol Name                              Value     Ov Type        Size  Object(Section)

    BuildAttributes$$THM_ISAv3M$S$PE$A:L22$X:L11$S22$IEEE1$IW$~IW$USESV6$~STKCKD$USESV7$~SHL$OTIME$ROPI$EBA8$UX$STANDARDLIB$REQ8$PRES8$EABIv2 0x00000000   Number         0  anon$$obj.o ABSOLUTE
    __ARM_use_no_argv                        0x00000000   Number         0  main.o ABSOLUTE
    __ARM_exceptions_init                     - Undefined Weak Reference
    __alloca_initialize                       - Undefined Weak Reference
    __arm_preinit_                            - Undefined Weak Reference
    __cpp_initialize__aeabi_                  - Undefined Weak Reference
    __cxa_finalize                            - Undefined Weak Reference
    __rt_locale                               - Undefined Weak Reference
    __sigvec_lookup                           - Undefined Weak Reference
    _atexit_init                              - Undefined Weak Reference
    _call_atexit_fns                          - Undefined Weak Reference
    _clock_init                               - Undefined Weak Reference
    _fp_trap_init                             - Undefined Weak Reference
    _fp_trap_shutdown                         - Undefined Weak Reference
    _get_lc_collate                           - Undefined Weak Reference
    _get_lc_ctype                             - Undefined Weak Reference
    _get_lc_monetary                          - Undefined Weak Reference
    _get_lc_numeric                           - Undefined Weak Reference
    _get_lc_time                              - Undefined Weak Reference
    _getenv_init                              - Undefined Weak Reference
    _handle_redirection                       - Undefined Weak Reference
    _init_alloc                               - Undefined Weak Reference
    _init_user_alloc                          - Undefined Weak Reference
    _initio                                   - Undefined Weak Reference
    _rand_init                                - Undefined Weak Reference
    _signal_finish                            - Undefined Weak Reference
    _signal_init                              - Undefined Weak Reference
    _terminate_alloc                          - Undefined Weak Reference
    _terminate_user_alloc                     - Undefined Weak Reference
    _terminateio                              - Undefined Weak Reference
    __Vectors_Size                           0x000000b4   Number         0  startup_stm32f030x8.o ABSOLUTE
    __Vectors                                0x08000000   Data           4  startup_stm32f030x8.o(RESET)
    __Vectors_End                            0x080000b4   Data           0  startup_stm32f030x8.o(RESET)
    __main                                   0x080000b5   Thumb Code     8  __main.o(!!!main)
    __scatterload                            0x080000bd   Thumb Code     0  __scatter.o(!!!scatter)
    __scatterload_rt2                        0x080000bd   Thumb Code    52  __scatter.o(!!!scatter)
    __scatterload_rt2_thumb_only             0x080000bd   Thumb Code     0  __scatter.o(!!!scatter)
    __scatterload_null                       0x080000cd   Thumb Code     0  __scatter.o(!!!scatter)
    __scatterload_zeroinit                   0x080000f9   Thumb Code    28  __scatter_zi.o(!!handler_zi)
    __rt_lib_init                            0x08000115   Thumb Code     0  libinit.o(.ARM.Collect$$libinit$$00000000)
    __rt_lib_init_alloca_1                   0x08000117   Thumb Code     0  libinit2.o(.ARM.Collect$$libinit$$0000002E)
    __rt_lib_init_argv_1                     0x08000117   Thumb Code     0  libinit2.o(.ARM.Collect$$libinit$$0000002C)
    __rt_lib_init_atexit_1                   0x08000117   Thumb Code     0  libinit2.o(.ARM.Collect$$libinit$$0000001B)
    __rt_lib_init_clock_1                    0x08000117   Thumb Code     0  libinit2.o(.ARM.Collect$$libinit$$00000021)
    __rt_lib_init_cpp_1                      0x08000117   Thumb Code     0  libinit2.o(.ARM.Collect$$libinit$$00000032)
    __rt_lib_init_exceptions_1               0x08000117   Thumb Code     0  libinit2.o(.ARM.Collect$$libinit$$00000030)
    __rt_lib_init_fp_1                       0x08000117   Thumb Code     0  libinit2.o(.ARM.Collect$$libinit$$00000002)
    __rt_lib_init_fp_trap_1                  0x08000117   Thumb Code     0  libinit2.o(.ARM.Collect$$libinit$$0000001F)
    __rt_lib_init_getenv_1                   0x08000117   Thumb Code     0  libinit2.o(.ARM.Collect$$libinit$$00000023)
    __rt_lib_init_heap_1                     0x08000117   Thumb Code     0  libinit2.o(.ARM.Collect$$libinit$$0000000A)
    __rt_lib_init_lc_collate_1               0x08000117   Thumb Code     0  libinit2.o(.ARM.Collect$$libinit$$00000011)
    __rt_lib_init_lc_ctype_1                 0x08000117   Thumb Code     0  libinit2.o(.ARM.Collect$$libinit$$00000013)
    __rt_lib_init_lc_monetary_1              0x08000117   Thumb Code     0  libinit2.o(.ARM.Collect$$libinit$$00000015)
    __rt_lib_init_lc_numeric_1               0x08000117   Thumb Code     0  libinit2.o(.ARM.Collect$$libinit$$00000017)
    __rt_lib_init_lc_time_1                  0x08000117   Thumb Code     0  libinit2.o(.ARM.Collect$$libinit$$00000019)
    __rt_lib_init_preinit_1                  0x08000117   Thumb Code     0  libinit2.o(.ARM.Collect$$libinit$$00000004)
    __rt_lib_init_rand_1                     0x08000117   Thumb Code     0  libinit2.o(.ARM.Collect$$libinit$$0000000E)
    __rt_lib_init_return                     0x08000117   Thumb Code     0  libinit2.o(.ARM.Collect$$libinit$$00000033)
    __rt_lib_init_signal_1                   0x08000117   Thumb Code     0  libinit2.o(.ARM.Collect$$libinit$$0000001D)
    __rt_lib_init_stdio_1                    0x08000117   Thumb Code     0  libinit2.o(.ARM.Collect$$libinit$$00000025)
    __rt_lib_init_user_alloc_1               0x08000117   Thumb Code     0  libinit2.o(.ARM.Collect$$libinit$$0000000C)
    __rt_lib_shutdown                        0x08000119   Thumb Code     0  libshutdown.o(.ARM.Collect$$libshutdown$$00000000)
    __rt_lib_shutdown_cpp_1                  0x0800011b   Thumb Code     0  libshutdown2.o(.ARM.Collect$$libshutdown$$00000002)
    __rt_lib_shutdown_fp_trap_1              0x0800011b   Thumb Code     0  libshutdown2.o(.ARM.Collect$$libshutdown$$00000007)
    __rt_lib_shutdown_heap_1                 0x0800011b   Thumb Code     0  libshutdown2.o(.ARM.Collect$$libshutdown$$0000000F)
    __rt_lib_shutdown_return                 0x0800011b   Thumb Code     0  libshutdown2.o(.ARM.Collect$$libshutdown$$00000010)
    __rt_lib_shutdown_signal_1               0x0800011b   Thumb Code     0  libshutdown2.o(.ARM.Collect$$libshutdown$$0000000A)
    __rt_lib_shutdown_stdio_1                0x0800011b   Thumb Code     0  libshutdown2.o(.ARM.Collect$$libshutdown$$00000004)
    __rt_lib_shutdown_user_alloc_1           0x0800011b   Thumb Code     0  libshutdown2.o(.ARM.Collect$$libshutdown$$0000000C)
    __rt_entry                               0x0800011d   Thumb Code     0  __rtentry.o(.ARM.Collect$$rtentry$$00000000)
    __rt_entry_presh_1                       0x0800011d   Thumb Code     0  __rtentry2.o(.ARM.Collect$$rtentry$$00000002)
    __rt_entry_sh                            0x0800011d   Thumb Code     0  __rtentry4.o(.ARM.Collect$$rtentry$$00000004)
    __rt_entry_postsh_1                      0x08000123   Thumb Code     0  __rtentry2.o(.ARM.Collect$$rtentry$$00000008)
    __rt_entry_li                            0x0800012b   Thumb Code     0  __rtentry2.o(.ARM.Collect$$rtentry$$0000000A)
    __rt_entry_main                          0x0800012f   Thumb Code     0  __rtentry2.o(.ARM.Collect$$rtentry$$0000000D)
    __rt_entry_postli_1                      0x0800012f   Thumb Code     0  __rtentry2.o(.ARM.Collect$$rtentry$$0000000C)
    __rt_exit                                0x08000137   Thumb Code     0  rtexit.o(.ARM.Collect$$rtexit$$00000000)
    __rt_exit_ls                             0x08000139   Thumb Code     0  rtexit2.o(.ARM.Collect$$rtexit$$00000003)
    __rt_exit_prels_1                        0x08000139   Thumb Code     0  rtexit2.o(.ARM.Collect$$rtexit$$00000002)
    __rt_exit_exit                           0x0800013d   Thumb Code     0  rtexit2.o(.ARM.Collect$$rtexit$$00000004)
    __aeabi_memcpy4                          0x08000145   Thumb Code    56  rt_memcpy.o(.emb_text)
    __aeabi_memcpy8                          0x08000145   Thumb Code     0  rt_memcpy.o(.emb_text)
    Reset_Handler                            0x0800017d   Thumb Code     8  startup_stm32f030x8.o(.text)
    NMI_Handler                              0x08000185   Thumb Code     2  startup_stm32f030x8.o(.text)
    HardFault_Handler                        0x08000187   Thumb Code     2  startup_stm32f030x8.o(.text)
    ADC1_IRQHandler                          0x0800018f   Thumb Code     0  startup_stm32f030x8.o(.text)
    DMA1_Channel1_IRQHandler                 0x0800018f   Thumb Code     0  startup_stm32f030x8.o(.text)
    DMA1_Channel4_5_IRQHandler               0x0800018f   Thumb Code     0  startup_stm32f030x8.o(.text)
    EXTI0_1_IRQHandler                       0x0800018f   Thumb Code     0  startup_stm32f030x8.o(.text)
    EXTI2_3_IRQHandler                       0x0800018f   Thumb Code     0  startup_stm32f030x8.o(.text)
    EXTI4_15_IRQHandler                      0x0800018f   Thumb Code     0  startup_stm32f030x8.o(.text)
    FLASH_IRQHandler                         0x0800018f   Thumb Code     0  startup_stm32f030x8.o(.text)
    I2C2_IRQHandler                          0x0800018f   Thumb Code     0  startup_stm32f030x8.o(.text)
    RCC_IRQHandler                           0x0800018f   Thumb Code     0  startup_stm32f030x8.o(.text)
    RTC_IRQHandler                           0x0800018f   Thumb Code     0  startup_stm32f030x8.o(.text)
    SPI1_IRQHandler                          0x0800018f   Thumb Code     0  startup_stm32f030x8.o(.text)
    SPI2_IRQHandler                          0x0800018f   Thumb Code     0  startup_stm32f030x8.o(.text)
    TIM14_IRQHandler                         0x0800018f   Thumb Code     0  startup_stm32f030x8.o(.text)
    TIM15_IRQHandler                         0x0800018f   Thumb Code     0  startup_stm32f030x8.o(.text)
    TIM16_IRQHandler                         0x0800018f   Thumb Code     0  startup_stm32f030x8.o(.text)
    TIM17_IRQHandler                         0x0800018f   Thumb Code     0  startup_stm32f030x8.o(.text)
    TIM1_BRK_UP_TRG_COM_IRQHandler           0x0800018f   Thumb Code     0  startup_stm32f030x8.o(.text)
    TIM1_CC_IRQHandler                       0x0800018f   Thumb Code     0  startup_stm32f030x8.o(.text)
    TIM3_IRQHandler                          0x0800018f   Thumb Code     0  startup_stm32f030x8.o(.text)
    USART2_IRQHandler                        0x0800018f   Thumb Code     0  startup_stm32f030x8.o(.text)
    WWDG_IRQHandler                          0x0800018f   Thumb Code     0  startup_stm32f030x8.o(.text)
    __user_initial_stackheap                 0x08000191   Thumb Code     0  startup_stm32f030x8.o(.text)
    SVC_Handler                              0x080001b5   Thumb Code   120  irq_cm0.o(.text)
    PendSV_Handler                           0x0800022d   Thumb Code    12  irq_cm0.o(.text)
    SysTick_Handler                          0x08000239   Thumb Code    12  irq_cm0.o(.text)
    __aeabi_memcpy                           0x0800024d   Thumb Code   130  rt_memcpy.o(.text)
    __rt_memcpy                              0x0800024d   Thumb Code     0  rt_memcpy.o(.text)
    __aeabi_memset4                          0x080002cf   Thumb Code    18  aeabi_memset4.o(.text)
    __aeabi_memset8                          0x080002cf   Thumb Code     0  aeabi_memset4.o(.text)
    _memset_w                                0x080002e1   Thumb Code    26  rt_memclr.o(.text)
    _memset                                  0x080002fb   Thumb Code    30  rt_memclr.o(.text)
    __aeabi_memclr                           0x08000319   Thumb Code     4  rt_memclr.o(.text)
    __rt_memclr                              0x08000319   Thumb Code     0  rt_memclr.o(.text)
    __aeabi_memclr4                          0x0800031d   Thumb Code     0  rt_memclr.o(.text)
    __aeabi_memclr8                          0x0800031d   Thumb Code     0  rt_memclr.o(.text)
    __rt_memclr_w                            0x0800031d   Thumb Code     4  rt_memclr.o(.text)
    __aeabi_uidiv                            0x08000321   Thumb Code     0  aeabi_sdivfast.o(.text)
    __aeabi_uidivmod                         0x08000321   Thumb Code    28  aeabi_sdivfast.o(.text)
    __aeabi_idiv                             0x0800033d   Thumb Code     0  aeabi_sdivfast.o(.text)
    __aeabi_idivmod                          0x0800033d   Thumb Code   460  aeabi_sdivfast.o(.text)
    __use_two_region_memory                  0x08000509   Thumb Code     2  heapauxi.o(.text)
    __rt_heap_escrow$2region                 0x0800050b   Thumb Code     2  heapauxi.o(.text)
    __rt_heap_expand$2region                 0x0800050d   Thumb Code     2  heapauxi.o(.text)
    __user_setup_stackheap                   0x0800050f   Thumb Code    62  sys_stackheap_outer.o(.text)
    exit                                     0x0800054d   Thumb Code    16  exit.o(.text)
    __user_libspace                          0x0800055d   Thumb Code     8  libspace.o(.text)
    __user_perproc_libspace                  0x0800055d   Thumb Code     0  libspace.o(.text)
    _sys_exit                                0x08000565   Thumb Code     8  sys_exit.o(.text)
    __I$use$semihosting                      0x08000571   Thumb Code     0  use_no_semi.o(.text)
    __use_no_semihosting_swi                 0x08000571   Thumb Code     2  use_no_semi.o(.text)
    __decompress                             0x08000573   Thumb Code     0  __dczerorl2.o(.text)
    __decompress1                            0x08000573   Thumb Code    86  __dczerorl2.o(.text)
    __semihosting_library_function           0x08000573   Thumb Code     0  indicate_semi.o(.text)
    osDelay                                  0x080005c9   Thumb Code    36  rtx_delay.o(.text.osDelay)
    osEventFlagsNew                          0x080005ed   Thumb Code    56  rtx_evflags.o(.text.osEventFlagsNew)
    osEventFlagsSet                          0x08000625   Thumb Code    88  rtx_evflags.o(.text.osEventFlagsSet)
    osEventFlagsWait                         0x0800067d   Thumb Code   192  rtx_evflags.o(.text.osEventFlagsWait)
    osKernelGetState                         0x0800073d   Thumb Code    52  rtx_kernel.o(.text.osKernelGetState)
    osKernelInitialize                       0x08000771   Thumb Code    56  rtx_kernel.o(.text.osKernelInitialize)
    osKernelStart                            0x080007a9   Thumb Code    56  rtx_kernel.o(.text.osKernelStart)
    osMessageQueuePut                        0x080007e1   Thumb Code   128  rtx_msgqueue.o(.text.osMessageQueuePut)
    osMutexAcquire                           0x08000861   Thumb Code    36  rtx_mutex.o(.text.osMutexAcquire)
    osMutexDelete                            0x08000885   Thumb Code    36  rtx_mutex.o(.text.osMutexDelete)
    osMutexNew                               0x080008a9   Thumb Code    56  rtx_mutex.o(.text.osMutexNew)
    osMutexRelease                           0x080008e1   Thumb Code    36  rtx_mutex.o(.text.osMutexRelease)
    osRtxEventFlagsPostProcess               0x08000905   Thumb Code   160  rtx_evflags.o(.text.osRtxEventFlagsPostProcess)
    osRtxMemoryAlloc                         0x080009a5   Thumb Code   118  rtx_memory.o(.text.osRtxMemoryAlloc)
    osRtxMemoryFree                          0x08000a1b   Thumb Code    74  rtx_memory.o(.text.osRtxMemoryFree)
    osRtxMemoryInit                          0x08000a65   Thumb Code    54  rtx_memory.o(.text.osRtxMemoryInit)
    osRtxMemoryPoolAlloc                     0x08000a9b   Thumb Code    54  rtx_mempool.o(.text.osRtxMemoryPoolAlloc)
    osRtxMemoryPoolFree                      0x08000ad1   Thumb Code    62  rtx_mempool.o(.text.osRtxMemoryPoolFree)
    osRtxMemoryPoolInit                      0x08000b0f   Thumb Code    68  rtx_mempool.o(.text.osRtxMemoryPoolInit)
    osRtxMutexOwnerRelease                   0x08000b53   Thumb Code    70  rtx_mutex.o(.text.osRtxMutexOwnerRelease)
    osRtxPendSV_Handler                      0x08000b99   Thumb Code   160  rtx_system.o(.text.osRtxPendSV_Handler)
    osRtxPostProcess                         0x08000c39   Thumb Code   116  rtx_system.o(.text.osRtxPostProcess)
    osRtxSysTimerAckIRQ                      0x08000cad   Thumb Code    12  rtx_system.o(.text.osRtxSysTimerAckIRQ)
    osRtxSysTimerEnable                      0x08000cb9   Thumb Code    12  rtx_system.o(.text.osRtxSysTimerEnable)
    osRtxSysTimerSetup                       0x08000cc5   Thumb Code    56  rtx_system.o(.text.osRtxSysTimerSetup)
    osRtxThreadDelayTick                     0x08000cfd   Thumb Code   128  rtx_thread.o(.text.osRtxThreadDelayTick)
    osRtxThreadDispatch                      0x08000d7d   Thumb Code   300  rtx_thread.o(.text.osRtxThreadDispatch)
    osRtxThreadListGet                       0x08000ea9   Thumb Code    24  rtx_thread.o(.text.osRtxThreadListGet)
    osRtxThreadListPut                       0x08000ec1   Thumb Code    56  rtx_thread.o(.text.osRtxThreadListPut)
    osRtxThreadListRemove                    0x08000ef9   Thumb Code    24  rtx_thread.o(.text.osRtxThreadListRemove)
    osRtxThreadListSort                      0x08000f11   Thumb Code    92  rtx_thread.o(.text.osRtxThreadListSort)
    osRtxThreadPostProcess                   0x08000f6d   Thumb Code   264  rtx_thread.o(.text.osRtxThreadPostProcess)
    osRtxThreadReadyPut                      0x08001075   Thumb Code    72  rtx_thread.o(.text.osRtxThreadReadyPut)
    osRtxThreadRegPtr                        0x080010bd   Thumb Code     6  rtx_thread.o(.text.osRtxThreadRegPtr)
    osRtxThreadStackCheck                    0x080010c5   Thumb Code    44  rtx_thread.o(.text.osRtxThreadStackCheck)
    osRtxThreadSwitch                        0x080010f1   Thumb Code    20  rtx_thread.o(.text.osRtxThreadSwitch)
    osRtxThreadWaitEnter                     0x08001105   Thumb Code   232  rtx_thread.o(.text.osRtxThreadWaitEnter)
    osRtxThreadWaitExit                      0x080011ed   Thumb Code   168  rtx_thread.o(.text.osRtxThreadWaitExit)
    osRtxTick_Handler                        0x08001295   Thumb Code   120  rtx_system.o(.text.osRtxTick_Handler)
    osRtxTimerTick                           0x0800130d   Thumb Code   164  rtx_timer.o(.text.osRtxTimerTick)
    osThreadExit                             0x080013b1   Thumb Code    12  rtx_thread.o(.text.osThreadExit)
    osThreadNew                              0x080013bd   Thumb Code    56  rtx_thread.o(.text.osThreadNew)
    svcRtxDelay                              0x080013f5   Thumb Code    18  rtx_delay.o(.text.svcRtxDelay)
    svcRtxEventFlagsNew                      0x08001409   Thumb Code   120  rtx_evflags.o(.text.svcRtxEventFlagsNew)
    svcRtxEventFlagsSet                      0x08001481   Thumb Code   272  rtx_evflags.o(.text.svcRtxEventFlagsSet)
    svcRtxEventFlagsWait                     0x08001591   Thumb Code   240  rtx_evflags.o(.text.svcRtxEventFlagsWait)
    svcRtxKernelGetState                     0x08001681   Thumb Code    12  rtx_kernel.o(.text.svcRtxKernelGetState)
    svcRtxKernelInitialize                   0x0800168d   Thumb Code   436  rtx_kernel.o(.text.svcRtxKernelInitialize)
    svcRtxKernelStart                        0x08001841   Thumb Code   144  rtx_kernel.o(.text.svcRtxKernelStart)
    svcRtxMessageQueuePut                    0x080018d1   Thumb Code   308  rtx_msgqueue.o(.text.svcRtxMessageQueuePut)
    svcRtxMutexAcquire                       0x08001a05   Thumb Code   164  rtx_mutex.o(.text.svcRtxMutexAcquire)
    svcRtxMutexDelete                        0x08001aa9   Thumb Code   216  rtx_mutex.o(.text.svcRtxMutexDelete)
    svcRtxMutexNew                           0x08001b81   Thumb Code   120  rtx_mutex.o(.text.svcRtxMutexNew)
    svcRtxMutexRelease                       0x08001bf9   Thumb Code   204  rtx_mutex.o(.text.svcRtxMutexRelease)
    svcRtxThreadExit                         0x08001cc5   Thumb Code   340  rtx_thread.o(.text.svcRtxThreadExit)
    svcRtxThreadNew                          0x08001e19   Thumb Code   584  rtx_thread.o(.text.svcRtxThreadNew)
    DMA1_Channel2_3_IRQHandler               0x08002061   Thumb Code    46  uart.o(i.DMA1_Channel2_3_IRQHandler)
    DMA_ClearFlag                            0x0800209d   Thumb Code    22  stm32f0xx_dma.o(i.DMA_ClearFlag)
    DMA_ClearITPendingBit                    0x080020bd   Thumb Code    22  stm32f0xx_dma.o(i.DMA_ClearITPendingBit)
    DMA_Cmd                                  0x080020dd   Thumb Code    24  stm32f0xx_dma.o(i.DMA_Cmd)
    DMA_DeInit                               0x080020f9   Thumb Code   342  stm32f0xx_dma.o(i.DMA_DeInit)
    DMA_ITConfig                             0x0800225d   Thumb Code    20  stm32f0xx_dma.o(i.DMA_ITConfig)
    DMA_Init                                 0x08002271   Thumb Code    58  stm32f0xx_dma.o(i.DMA_Init)
    GPIO_Init                                0x080022b1   Thumb Code   144  stm32f0xx_gpio.o(i.GPIO_Init)
    GPIO_PinAFConfig                         0x08002341   Thumb Code    68  stm32f0xx_gpio.o(i.GPIO_PinAFConfig)
    I2C1_IRQHandler                          0x08002385   Thumb Code   472  i2c.o(i.I2C1_IRQHandler)
    NVIC_Init                                0x08002585   Thumb Code   106  stm32f0xx_misc.o(i.NVIC_Init)
    RCC_GetClocksFreq                        0x080025f5   Thumb Code   554  stm32f0xx_rcc.o(i.RCC_GetClocksFreq)
    SystemCoreClockUpdate                    0x0800283d   Thumb Code   158  system_stm32f0xx.o(i.SystemCoreClockUpdate)
    SystemInit                               0x080028f1   Thumb Code   228  system_stm32f0xx.o(i.SystemInit)
    TIM6_IRQHandler                          0x080029e9   Thumb Code    50  timer.o(i.TIM6_IRQHandler)
    USART1_IRQHandler                        0x08002a2d   Thumb Code   148  uart.o(i.USART1_IRQHandler)
    USART_ClearITPendingBit                  0x08002ad9   Thumb Code    18  stm32f0xx_usart.o(i.USART_ClearITPendingBit)
    USART_DMACmd                             0x08002aeb   Thumb Code    20  stm32f0xx_usart.o(i.USART_DMACmd)
    USART_GetITStatus                        0x08002aff   Thumb Code    78  stm32f0xx_usart.o(i.USART_GetITStatus)
    USART_ITConfig                           0x08002b4d   Thumb Code    66  stm32f0xx_usart.o(i.USART_ITConfig)
    USART_Init                               0x08002b91   Thumb Code   226  stm32f0xx_usart.o(i.USART_Init)
    USART_ReceiverTimeOutCmd                 0x08002c89   Thumb Code    28  stm32f0xx_usart.o(i.USART_ReceiverTimeOutCmd)
    USART_SetReceiverTimeOut                 0x08002ca5   Thumb Code    16  stm32f0xx_usart.o(i.USART_SetReceiverTimeOut)
    __ARM_common_switch8                     0x08002cb5   Thumb Code    28  rtx_config.o(i.__ARM_common_switch8)
    _mutex_acquire                           0x08002dc1   Thumb Code    24  rtx_lib.o(i._mutex_acquire)
    _mutex_free                              0x08002dd9   Thumb Code    12  rtx_lib.o(i._mutex_free)
    _mutex_initialize                        0x08002de5   Thumb Code    34  rtx_lib.o(i._mutex_initialize)
    _mutex_release                           0x08002e07   Thumb Code    20  rtx_lib.o(i._mutex_release)
    _platform_post_stackheap_init            0x08002e1b   Thumb Code     8  rtx_lib.o(i._platform_post_stackheap_init)
    i2c_master_process                       0x08002e25   Thumb Code   244  i2c.o(i.i2c_master_process)
    initGpio                                 0x08002f41   Thumb Code   232  gpio.o(i.initGpio)
    initTimers                               0x08003039   Thumb Code   104  timer.o(i.initTimers)
    initUart1                                0x080030b1   Thumb Code   114  uart.o(i.initUart1)
    initUartDma                              0x08003131   Thumb Code   190  uart.o(i.initUartDma)
    init_i2c                                 0x08003205   Thumb Code   126  i2c.o(i.init_i2c)
    main                                     0x08003299   Thumb Code   126  main.o(i.main)
    osRtxErrorNotify                         0x08003335   Thumb Code    32  rtx_config.o(i.osRtxErrorNotify)
    osRtxIdleThread                          0x08003355   Thumb Code     4  rtx_config.o(i.osRtxIdleThread)
    setParameters                            0x08003381   Thumb Code    32  pub_var.o(i.setParameters)
    task_Led                                 0x080033a5   Thumb Code    36  main.o(i.task_Led)
    task_Uart1                               0x080033cd   Thumb Code    28  uart.o(i.task_Uart1)
    task_main                                0x080033ed   Thumb Code    40  main_task.o(i.task_main)
    uartNvicConfig                           0x08003419   Thumb Code    38  uart.o(i.uartNvicConfig)
    wiper_write                              0x08003441   Thumb Code    58  wiper.o(i.wiper_write)
    osRtxUserSVC                             0x080034ec   Data           4  rtx_lib.o(.constdata)
    AHBPrescTable                            0x080034f0   Data          16  system_stm32f0xx.o(.constdata)
    irqRtxLib                                0x08003500   Data           1  irq_cm0.o(.constdata)
    osRtxConfig                              0x08003504   Data         104  rtx_lib.o(.rodata)
    Region$$Table$$Base                      0x08003578   Number         0  anon$$obj.o(Region$$Table)
    Region$$Table$$Limit                     0x08003598   Number         0  anon$$obj.o(Region$$Table)
    mutex_i2c                                0x200014d0   Data           4  main.o(.data)
    event_general                            0x200014d4   Data           4  main.o(.data)
    wiper_value                              0x200014d8   Data           1  main_task.o(.data)
    ptr_i2c_tx                               0x200014dc   Data           4  i2c.o(.data)
    ptr_i2c_rx                               0x200014e0   Data           4  i2c.o(.data)
    i2c_msg_tx_s                             0x200014e4   Data           3  i2c.o(.data)
    i2c_status_s                             0x200014e7   Data           1  i2c.o(.data)
    i2c_master_send_start_stop               0x200014e8   Data           1  i2c.o(.data)
    ulTempI2C                                0x200014ec   Data           4  i2c.o(.data)
    uiTimerI2C                               0x200014f0   Data           2  i2c.o(.data)
    uart1Tx                                  0x200014f2   Data          66  uart.o(.data)
    uart1Flags                               0x20001534   Data           5  uart.o(.data)
    uiTmp                                    0x20001539   Data           1  uart.o(.data)
    uiTimerUart1                             0x2000153a   Data           2  uart.o(.data)
    irqRtxLibRef                             0x2000154c   Data           4  rtx_lib.o(.data)
    SystemCoreClock                          0x20001554   Data           4  system_stm32f0xx.o(.data)
    osRtxInfo                                0x20001558   Data         168  rtx_kernel.o(.data.os)
    sys_par                                  0x20001600   Data          10  pub_var.o(.bss)
    i2c_tx_buf                               0x2000160a   Data          34  i2c.o(.bss)
    i2c_rx_buf                               0x2000162c   Data          34  i2c.o(.bss)
    uart1Rx                                  0x20001650   Data         136  uart.o(.bss)
    __libspace_start                         0x200016d8   Data          96  libspace.o(.bss)
    __temporary_stack_top$libspace           0x20001738   Data           0  libspace.o(.bss)



==============================================================================

Memory Map of the image

  Image Entry point : 0x080000b5

  Load Region LR_IROM1 (Base: 0x08000000, Size: 0x00004b98, Max: 0x00010000, ABSOLUTE, COMPRESSED[0x000035f8])

    Execution Region ER_IROM1 (Base: 0x08000000, Size: 0x00003598, Max: 0x00010000, ABSOLUTE)

    Base Addr    Size         Type   Attr      Idx    E Section Name        Object

    0x08000000   0x000000b4   Data   RO         2193    RESET               startup_stm32f030x8.o
    0x080000b4   0x00000008   Code   RO         2739  * !!!main             c_p.l(__main.o)
    0x080000bc   0x0000003c   Code   RO         2908    !!!scatter          c_p.l(__scatter.o)
    0x080000f8   0x0000001c   Code   RO         2910    !!handler_zi        c_p.l(__scatter_zi.o)
    0x08000114   0x00000002   Code   RO         2775    .ARM.Collect$$libinit$$00000000  c_p.l(libinit.o)
    0x08000116   0x00000000   Code   RO         2789    .ARM.Collect$$libinit$$00000002  c_p.l(libinit2.o)
    0x08000116   0x00000000   Code   RO         2791    .ARM.Collect$$libinit$$00000004  c_p.l(libinit2.o)
    0x08000116   0x00000000   Code   RO         2794    .ARM.Collect$$libinit$$0000000A  c_p.l(libinit2.o)
    0x08000116   0x00000000   Code   RO         2796    .ARM.Collect$$libinit$$0000000C  c_p.l(libinit2.o)
    0x08000116   0x00000000   Code   RO         2798    .ARM.Collect$$libinit$$0000000E  c_p.l(libinit2.o)
    0x08000116   0x00000000   Code   RO         2801    .ARM.Collect$$libinit$$00000011  c_p.l(libinit2.o)
    0x08000116   0x00000000   Code   RO         2803    .ARM.Collect$$libinit$$00000013  c_p.l(libinit2.o)
    0x08000116   0x00000000   Code   RO         2805    .ARM.Collect$$libinit$$00000015  c_p.l(libinit2.o)
    0x08000116   0x00000000   Code   RO         2807    .ARM.Collect$$libinit$$00000017  c_p.l(libinit2.o)
    0x08000116   0x00000000   Code   RO         2809    .ARM.Collect$$libinit$$00000019  c_p.l(libinit2.o)
    0x08000116   0x00000000   Code   RO         2811    .ARM.Collect$$libinit$$0000001B  c_p.l(libinit2.o)
    0x08000116   0x00000000   Code   RO         2813    .ARM.Collect$$libinit$$0000001D  c_p.l(libinit2.o)
    0x08000116   0x00000000   Code   RO         2815    .ARM.Collect$$libinit$$0000001F  c_p.l(libinit2.o)
    0x08000116   0x00000000   Code   RO         2817    .ARM.Collect$$libinit$$00000021  c_p.l(libinit2.o)
    0x08000116   0x00000000   Code   RO         2819    .ARM.Collect$$libinit$$00000023  c_p.l(libinit2.o)
    0x08000116   0x00000000   Code   RO         2821    .ARM.Collect$$libinit$$00000025  c_p.l(libinit2.o)
    0x08000116   0x00000000   Code   RO         2825    .ARM.Collect$$libinit$$0000002C  c_p.l(libinit2.o)
    0x08000116   0x00000000   Code   RO         2827    .ARM.Collect$$libinit$$0000002E  c_p.l(libinit2.o)
    0x08000116   0x00000000   Code   RO         2829    .ARM.Collect$$libinit$$00000030  c_p.l(libinit2.o)
    0x08000116   0x00000000   Code   RO         2831    .ARM.Collect$$libinit$$00000032  c_p.l(libinit2.o)
    0x08000116   0x00000002   Code   RO         2832    .ARM.Collect$$libinit$$00000033  c_p.l(libinit2.o)
    0x08000118   0x00000002   Code   RO         2863    .ARM.Collect$$libshutdown$$00000000  c_p.l(libshutdown.o)
    0x0800011a   0x00000000   Code   RO         2889    .ARM.Collect$$libshutdown$$00000002  c_p.l(libshutdown2.o)
    0x0800011a   0x00000000   Code   RO         2891    .ARM.Collect$$libshutdown$$00000004  c_p.l(libshutdown2.o)
    0x0800011a   0x00000000   Code   RO         2894    .ARM.Collect$$libshutdown$$00000007  c_p.l(libshutdown2.o)
    0x0800011a   0x00000000   Code   RO         2897    .ARM.Collect$$libshutdown$$0000000A  c_p.l(libshutdown2.o)
    0x0800011a   0x00000000   Code   RO         2899    .ARM.Collect$$libshutdown$$0000000C  c_p.l(libshutdown2.o)
    0x0800011a   0x00000000   Code   RO         2902    .ARM.Collect$$libshutdown$$0000000F  c_p.l(libshutdown2.o)
    0x0800011a   0x00000002   Code   RO         2903    .ARM.Collect$$libshutdown$$00000010  c_p.l(libshutdown2.o)
    0x0800011c   0x00000000   Code   RO         2741    .ARM.Collect$$rtentry$$00000000  c_p.l(__rtentry.o)
    0x0800011c   0x00000000   Code   RO         2747    .ARM.Collect$$rtentry$$00000002  c_p.l(__rtentry2.o)
    0x0800011c   0x00000006   Code   RO         2759    .ARM.Collect$$rtentry$$00000004  c_p.l(__rtentry4.o)
    0x08000122   0x00000008   Code   RO         2748    .ARM.Collect$$rtentry$$00000008  c_p.l(__rtentry2.o)
    0x0800012a   0x00000004   Code   RO         2750    .ARM.Collect$$rtentry$$0000000A  c_p.l(__rtentry2.o)
    0x0800012e   0x00000000   Code   RO         2752    .ARM.Collect$$rtentry$$0000000C  c_p.l(__rtentry2.o)
    0x0800012e   0x00000008   Code   RO         2753    .ARM.Collect$$rtentry$$0000000D  c_p.l(__rtentry2.o)
    0x08000136   0x00000002   Code   RO         2780    .ARM.Collect$$rtexit$$00000000  c_p.l(rtexit.o)
    0x08000138   0x00000000   Code   RO         2836    .ARM.Collect$$rtexit$$00000002  c_p.l(rtexit2.o)
    0x08000138   0x00000004   Code   RO         2837    .ARM.Collect$$rtexit$$00000003  c_p.l(rtexit2.o)
    0x0800013c   0x00000006   Code   RO         2838    .ARM.Collect$$rtexit$$00000004  c_p.l(rtexit2.o)
    0x08000142   0x00000002   PAD
    0x08000144   0x00000038   Code   RO         2725    .emb_text           c_p.l(rt_memcpy.o)
    0x0800017c   0x00000038   Code   RO         2194    .text               startup_stm32f030x8.o
    0x080001b4   0x00000098   Code   RO         2526    .text               RTX_CM0.lib(irq_cm0.o)
    0x0800024c   0x00000082   Code   RO         2726    .text               c_p.l(rt_memcpy.o)
    0x080002ce   0x00000012   Code   RO         2729    .text               c_p.l(aeabi_memset4.o)
    0x080002e0   0x00000040   Code   RO         2731    .text               c_p.l(rt_memclr.o)
    0x08000320   0x000001e8   Code   RO         2733    .text               c_p.l(aeabi_sdivfast.o)
    0x08000508   0x00000006   Code   RO         2737    .text               c_p.l(heapauxi.o)
    0x0800050e   0x0000003e   Code   RO         2763    .text               c_p.l(sys_stackheap_outer.o)
    0x0800054c   0x00000010   Code   RO         2766    .text               c_p.l(exit.o)
    0x0800055c   0x00000008   Code   RO         2776    .text               c_p.l(libspace.o)
    0x08000564   0x0000000c   Code   RO         2833    .text               c_p.l(sys_exit.o)
    0x08000570   0x00000002   Code   RO         2852    .text               c_p.l(use_no_semi.o)
    0x08000572   0x00000000   Code   RO         2854    .text               c_p.l(indicate_semi.o)
    0x08000572   0x00000056   Code   RO         2906    .text               c_p.l(__dczerorl2.o)
    0x080005c8   0x00000024   Code   RO         2433    .text.osDelay       RTX_CM0.lib(rtx_delay.o)
    0x080005ec   0x00000038   Code   RO         2464    .text.osEventFlagsNew  RTX_CM0.lib(rtx_evflags.o)
    0x08000624   0x00000058   Code   RO         2468    .text.osEventFlagsSet  RTX_CM0.lib(rtx_evflags.o)
    0x0800067c   0x000000c0   Code   RO         2474    .text.osEventFlagsWait  RTX_CM0.lib(rtx_evflags.o)
    0x0800073c   0x00000034   Code   RO         2262    .text.osKernelGetState  RTX_CM0.lib(rtx_kernel.o)
    0x08000770   0x00000038   Code   RO         2258    .text.osKernelInitialize  RTX_CM0.lib(rtx_kernel.o)
    0x080007a8   0x00000038   Code   RO         2264    .text.osKernelStart  RTX_CM0.lib(rtx_kernel.o)
    0x080007e0   0x00000080   Code   RO         2697    .text.osMessageQueuePut  RTX_CM0.lib(rtx_msgqueue.o)
    0x08000860   0x00000024   Code   RO         2507    .text.osMutexAcquire  RTX_CM0.lib(rtx_mutex.o)
    0x08000884   0x00000024   Code   RO         2513    .text.osMutexDelete  RTX_CM0.lib(rtx_mutex.o)
    0x080008a8   0x00000038   Code   RO         2503    .text.osMutexNew    RTX_CM0.lib(rtx_mutex.o)
    0x080008e0   0x00000024   Code   RO         2509    .text.osMutexRelease  RTX_CM0.lib(rtx_mutex.o)
    0x08000904   0x000000a0   Code   RO         2448    .text.osRtxEventFlagsPostProcess  RTX_CM0.lib(rtx_evflags.o)
    0x080009a4   0x00000076   Code   RO         2572    .text.osRtxMemoryAlloc  RTX_CM0.lib(rtx_memory.o)
    0x08000a1a   0x0000004a   Code   RO         2574    .text.osRtxMemoryFree  RTX_CM0.lib(rtx_memory.o)
    0x08000a64   0x00000036   Code   RO         2570    .text.osRtxMemoryInit  RTX_CM0.lib(rtx_memory.o)
    0x08000a9a   0x00000036   Code   RO         2589    .text.osRtxMemoryPoolAlloc  RTX_CM0.lib(rtx_mempool.o)
    0x08000ad0   0x0000003e   Code   RO         2591    .text.osRtxMemoryPoolFree  RTX_CM0.lib(rtx_mempool.o)
    0x08000b0e   0x00000044   Code   RO         2587    .text.osRtxMemoryPoolInit  RTX_CM0.lib(rtx_mempool.o)
    0x08000b52   0x00000046   Code   RO         2489    .text.osRtxMutexOwnerRelease  RTX_CM0.lib(rtx_mutex.o)
    0x08000b98   0x000000a0   Code   RO         2646    .text.osRtxPendSV_Handler  RTX_CM0.lib(rtx_system.o)
    0x08000c38   0x00000074   Code   RO         2648    .text.osRtxPostProcess  RTX_CM0.lib(rtx_system.o)
    0x08000cac   0x0000000c   Code   RO         2644    .text.osRtxSysTimerAckIRQ  RTX_CM0.lib(rtx_system.o)
    0x08000cb8   0x0000000c   Code   RO         2652    .text.osRtxSysTimerEnable  RTX_CM0.lib(rtx_system.o)
    0x08000cc4   0x00000038   Code   RO         2650    .text.osRtxSysTimerSetup  RTX_CM0.lib(rtx_system.o)
    0x08000cfc   0x00000080   Code   RO         2316    .text.osRtxThreadDelayTick  RTX_CM0.lib(rtx_thread.o)
    0x08000d7c   0x0000012c   Code   RO         2326    .text.osRtxThreadDispatch  RTX_CM0.lib(rtx_thread.o)
    0x08000ea8   0x00000018   Code   RO         2300    .text.osRtxThreadListGet  RTX_CM0.lib(rtx_thread.o)
    0x08000ec0   0x00000038   Code   RO         2298    .text.osRtxThreadListPut  RTX_CM0.lib(rtx_thread.o)
    0x08000ef8   0x00000018   Code   RO         2306    .text.osRtxThreadListRemove  RTX_CM0.lib(rtx_thread.o)
    0x08000f10   0x0000005c   Code   RO         2304    .text.osRtxThreadListSort  RTX_CM0.lib(rtx_thread.o)
    0x08000f6c   0x00000108   Code   RO         2332    .text.osRtxThreadPostProcess  RTX_CM0.lib(rtx_thread.o)
    0x08001074   0x00000048   Code   RO         2310    .text.osRtxThreadReadyPut  RTX_CM0.lib(rtx_thread.o)
    0x080010bc   0x00000006   Code   RO         2318    .text.osRtxThreadRegPtr  RTX_CM0.lib(rtx_thread.o)
    0x080010c2   0x00000002   PAD
    0x080010c4   0x0000002c   Code   RO         2324    .text.osRtxThreadStackCheck  RTX_CM0.lib(rtx_thread.o)
    0x080010f0   0x00000014   Code   RO         2322    .text.osRtxThreadSwitch  RTX_CM0.lib(rtx_thread.o)
    0x08001104   0x000000e8   Code   RO         2330    .text.osRtxThreadWaitEnter  RTX_CM0.lib(rtx_thread.o)
    0x080011ec   0x000000a8   Code   RO         2328    .text.osRtxThreadWaitExit  RTX_CM0.lib(rtx_thread.o)
    0x08001294   0x00000078   Code   RO         2642    .text.osRtxTick_Handler  RTX_CM0.lib(rtx_system.o)
    0x0800130c   0x000000a4   Code   RO         2531    .text.osRtxTimerTick  RTX_CM0.lib(rtx_timer.o)
    0x080013b0   0x0000000c   Code   RO         2336    .text.osThreadExit  RTX_CM0.lib(rtx_thread.o)
    0x080013bc   0x00000038   Code   RO         2378    .text.osThreadNew   RTX_CM0.lib(rtx_thread.o)
    0x080013f4   0x00000012   Code   RO         2429    .text.svcRtxDelay   RTX_CM0.lib(rtx_delay.o)
    0x08001406   0x00000002   PAD
    0x08001408   0x00000078   Code   RO         2450    .text.svcRtxEventFlagsNew  RTX_CM0.lib(rtx_evflags.o)
    0x08001480   0x00000110   Code   RO         2454    .text.svcRtxEventFlagsSet  RTX_CM0.lib(rtx_evflags.o)
    0x08001590   0x000000f0   Code   RO         2460    .text.svcRtxEventFlagsWait  RTX_CM0.lib(rtx_evflags.o)
    0x08001680   0x0000000c   Code   RO         2236    .text.svcRtxKernelGetState  RTX_CM0.lib(rtx_kernel.o)
    0x0800168c   0x000001b4   Code   RO         2232    .text.svcRtxKernelInitialize  RTX_CM0.lib(rtx_kernel.o)
    0x08001840   0x00000090   Code   RO         2238    .text.svcRtxKernelStart  RTX_CM0.lib(rtx_kernel.o)
    0x080018d0   0x00000134   Code   RO         2677    .text.svcRtxMessageQueuePut  RTX_CM0.lib(rtx_msgqueue.o)
    0x08001a04   0x000000a4   Code   RO         2495    .text.svcRtxMutexAcquire  RTX_CM0.lib(rtx_mutex.o)
    0x08001aa8   0x000000d8   Code   RO         2501    .text.svcRtxMutexDelete  RTX_CM0.lib(rtx_mutex.o)
    0x08001b80   0x00000078   Code   RO         2491    .text.svcRtxMutexNew  RTX_CM0.lib(rtx_mutex.o)
    0x08001bf8   0x000000cc   Code   RO         2497    .text.svcRtxMutexRelease  RTX_CM0.lib(rtx_mutex.o)
    0x08001cc4   0x00000154   Code   RO         2362    .text.svcRtxThreadExit  RTX_CM0.lib(rtx_thread.o)
    0x08001e18   0x00000248   Code   RO         2334    .text.svcRtxThreadNew  RTX_CM0.lib(rtx_thread.o)
    0x08002060   0x0000003c   Code   RO          375    i.DMA1_Channel2_3_IRQHandler  uart.o
    0x0800209c   0x00000020   Code   RO          444    i.DMA_ClearFlag     stm32f0xx_dma.o
    0x080020bc   0x00000020   Code   RO          445    i.DMA_ClearITPendingBit  stm32f0xx_dma.o
    0x080020dc   0x0000001c   Code   RO          446    i.DMA_Cmd           stm32f0xx_dma.o
    0x080020f8   0x00000164   Code   RO          447    i.DMA_DeInit        stm32f0xx_dma.o
    0x0800225c   0x00000014   Code   RO          451    i.DMA_ITConfig      stm32f0xx_dma.o
    0x08002270   0x00000040   Code   RO          452    i.DMA_Init          stm32f0xx_dma.o
    0x080022b0   0x00000090   Code   RO          543    i.GPIO_Init         stm32f0xx_gpio.o
    0x08002340   0x00000044   Code   RO          544    i.GPIO_PinAFConfig  stm32f0xx_gpio.o
    0x08002384   0x00000200   Code   RO          287    i.I2C1_IRQHandler   i2c.o
    0x08002584   0x00000070   Code   RO         2053    i.NVIC_Init         stm32f0xx_misc.o
    0x080025f4   0x00000248   Code   RO          924    i.RCC_GetClocksFreq  stm32f0xx_rcc.o
    0x0800283c   0x000000b4   Code   RO         2200    i.SystemCoreClockUpdate  system_stm32f0xx.o
    0x080028f0   0x000000f8   Code   RO         2201    i.SystemInit        system_stm32f0xx.o
    0x080029e8   0x00000044   Code   RO          337    i.TIM6_IRQHandler   timer.o
    0x08002a2c   0x000000ac   Code   RO          376    i.USART1_IRQHandler  uart.o
    0x08002ad8   0x00000012   Code   RO         1746    i.USART_ClearITPendingBit  stm32f0xx_usart.o
    0x08002aea   0x00000014   Code   RO         1752    i.USART_DMACmd      stm32f0xx_usart.o
    0x08002afe   0x0000004e   Code   RO         1758    i.USART_GetITStatus  stm32f0xx_usart.o
    0x08002b4c   0x00000042   Code   RO         1760    i.USART_ITConfig    stm32f0xx_usart.o
    0x08002b8e   0x00000002   PAD
    0x08002b90   0x000000f8   Code   RO         1761    i.USART_Init        stm32f0xx_usart.o
    0x08002c88   0x0000001c   Code   RO         1774    i.USART_ReceiverTimeOutCmd  stm32f0xx_usart.o
    0x08002ca4   0x00000010   Code   RO         1786    i.USART_SetReceiverTimeOut  stm32f0xx_usart.o
    0x08002cb4   0x0000001c   Code   RO         2182    i.__ARM_common_switch8  rtx_config.o
    0x08002cd0   0x00000078   Code   RO          288    i.__NVIC_SetPriority  i2c.o
    0x08002d48   0x00000078   Code   RO          338    i.__NVIC_SetPriority  timer.o
    0x08002dc0   0x00000018   Code   RO         2089    i._mutex_acquire    rtx_lib.o
    0x08002dd8   0x0000000c   Code   RO         2090    i._mutex_free       rtx_lib.o
    0x08002de4   0x00000022   Code   RO         2091    i._mutex_initialize  rtx_lib.o
    0x08002e06   0x00000014   Code   RO         2092    i._mutex_release    rtx_lib.o
    0x08002e1a   0x00000008   Code   RO         2093    i._platform_post_stackheap_init  rtx_lib.o
    0x08002e22   0x00000002   PAD
    0x08002e24   0x0000011c   Code   RO          289    i.i2c_master_process  i2c.o
    0x08002f40   0x000000f8   Code   RO          243    i.initGpio          gpio.o
    0x08003038   0x00000078   Code   RO          339    i.initTimers        timer.o
    0x080030b0   0x00000080   Code   RO          377    i.initUart1         uart.o
    0x08003130   0x000000d4   Code   RO          378    i.initUartDma       uart.o
    0x08003204   0x00000094   Code   RO          290    i.init_i2c          i2c.o
    0x08003298   0x0000009c   Code   RO            3    i.main              main.o
    0x08003334   0x00000020   Code   RO         2161    i.osRtxErrorNotify  rtx_config.o
    0x08003354   0x00000004   Code   RO         2162    i.osRtxIdleThread   rtx_config.o
    0x08003358   0x00000028   Code   RO         2094    i.os_kernel_is_active  rtx_lib.o
    0x08003380   0x00000024   Code   RO          147    i.setParameters     pub_var.o
    0x080033a4   0x00000028   Code   RO            4    i.task_Led          main.o
    0x080033cc   0x00000020   Code   RO          379    i.task_Uart1        uart.o
    0x080033ec   0x0000002c   Code   RO          122    i.task_main         main_task.o
    0x08003418   0x00000026   Code   RO          382    i.uartNvicConfig    uart.o
    0x0800343e   0x00000002   PAD
    0x08003440   0x0000004c   Code   RO          200    i.wiper_write       wiper.o
    0x0800348c   0x00000064   Data   RO         2100    .constdata          rtx_lib.o
    0x080034f0   0x00000010   Data   RO         2202    .constdata          system_stm32f0xx.o
    0x08003500   0x00000001   Data   RO         2525    .constdata          RTX_CM0.lib(irq_cm0.o)
    0x08003501   0x00000003   PAD
    0x08003504   0x00000068   Data   RO         2102    .rodata             rtx_lib.o
    0x0800356c   0x0000000b   Data   RO         2284    .rodata.str1.4      RTX_CM0.lib(rtx_kernel.o)
    0x08003577   0x00000001   PAD
    0x08003578   0x00000020   Data   RO         2904    Region$$Table       anon$$obj.o


    Execution Region RW_IRAM1 (Base: 0x20000000, Size: 0x00001e38, Max: 0x00002000, ABSOLUTE, COMPRESSED[0x00000060])

    Base Addr    Size         Type   Attr      Idx    E Section Name        Object

    0x20000000   0x00001230   Data   RW         2095    .bss.os             rtx_lib.o
    0x20001230   0x00000034   Data   RW         2096    .bss.os.msgqueue.cb  rtx_lib.o
    0x20001264   0x00000050   Data   RW         2097    .bss.os.msgqueue.mem  rtx_lib.o
    0x200012b4   0x00000088   Data   RW         2098    .bss.os.thread.cb   rtx_lib.o
    0x2000133c   0x00000004   PAD
    0x20001340   0x00000190   Data   RW         2099    .bss.os.thread.stack  rtx_lib.o
    0x200014d0   0x00000008   Data   RW            5    .data               main.o
    0x200014d8   0x00000001   Data   RW          123    .data               main_task.o
    0x200014d9   0x00000003   PAD
    0x200014dc   0x00000016   Data   RW          292    .data               i2c.o
    0x200014f2   0x0000004a   Data   RW          384    .data               uart.o
    0x2000153c   0x00000010   Data   RW          950    .data               stm32f0xx_rcc.o
    0x2000154c   0x00000005   Data   RW         2101    .data               rtx_lib.o
    0x20001551   0x00000003   PAD
    0x20001554   0x00000004   Data   RW         2203    .data               system_stm32f0xx.o
    0x20001558   0x000000a8   Data   RW         2285    .data.os            RTX_CM0.lib(rtx_kernel.o)
    0x20001600   0x0000000a   Zero   RW          148    .bss                pub_var.o
    0x2000160a   0x00000044   Zero   RW          291    .bss                i2c.o
    0x2000164e   0x00000002   PAD
    0x20001650   0x00000088   Zero   RW          383    .bss                uart.o
    0x200016d8   0x00000060   Zero   RW         2777    .bss                c_p.l(libspace.o)
    0x20001738   0x00000200   Zero   RW         2192    HEAP                startup_stm32f030x8.o
    0x20001938   0x00000500   Zero   RW         2191    STACK               startup_stm32f030x8.o


==============================================================================

Image component sizes


      Code (inc. data)   RO Data    RW Data    ZI Data      Debug   Object Name

       248         16          0          0          0        543   gpio.o
      1064        112          0         22         68      11278   i2c.o
       196         34          0          8          0     209816   main.o
        44          4          0          1          0        682   main_task.o
        36          4          0          0         10        614   pub_var.o
        64          8          0          0          0       1041   rtx_config.o
       138          6        204       5329          0      11288   rtx_lib.o
        56         26        180          0       1792        644   startup_stm32f030x8.o
       532         44          0          0          0     189773   stm32f0xx_dma.o
       212          0          0          0          0      18895   stm32f0xx_gpio.o
       112          6          0          0          0       1712   stm32f0xx_misc.o
       584         30          0         16          0       1784   stm32f0xx_rcc.o
       474         22          0          0          0      14701   stm32f0xx_usart.o
       428         42         16          4          0       1805   system_stm32f0xx.o
       308         44          0          0          0       1483   timer.o
       642         78          0         74        136       4625   uart.o
        76         18          0          0          0       4154   wiper.o

    ----------------------------------------------------------------------
      5220        494        432       5464       2008     474838   Object Totals
         0          0         32          0          0          0   (incl. Generated)
         6          0          0         10          2          0   (incl. Padding)

    ----------------------------------------------------------------------

      Code (inc. data)   RO Data    RW Data    ZI Data      Debug   Library Member Name

       152         10          1          0          0        500   irq_cm0.o
        54          4          0          0          0       2752   rtx_delay.o
      1128         24          0          0          0      13117   rtx_evflags.o
       756         52         11        168          0      16970   rtx_kernel.o
       246          0          0          0          0       2071   rtx_memory.o
       184          0          0          0          0      15766   rtx_mempool.o
       436          8          0          0          0      18819   rtx_msgqueue.o
       938         32          0          0          0       8607   rtx_mutex.o
       476         68          0          0          0       7480   rtx_system.o
      2422         68          0          0          0      39176   rtx_thread.o
       164          4          0          0          0       8403   rtx_timer.o
        86          0          0          0          0          0   __dczerorl2.o
         8          0          0          0          0         68   __main.o
         0          0          0          0          0          0   __rtentry.o
        20          0          0          0          0          0   __rtentry2.o
         6          0          0          0          0          0   __rtentry4.o
        60          8          0          0          0          0   __scatter.o
        28          0          0          0          0          0   __scatter_zi.o
        18          0          0          0          0         68   aeabi_memset4.o
       488          0          0          0          0         92   aeabi_sdivfast.o
        16          0          0          0          0         68   exit.o
         6          0          0          0          0        136   heapauxi.o
         0          0          0          0          0          0   indicate_semi.o
         2          0          0          0          0          0   libinit.o
         2          0          0          0          0          0   libinit2.o
         2          0          0          0          0          0   libshutdown.o
         2          0          0          0          0          0   libshutdown2.o
         8          4          0          0         96         68   libspace.o
        64          0          0          0          0        108   rt_memclr.o
       186          0          0          0          0        144   rt_memcpy.o
         2          0          0          0          0          0   rtexit.o
        10          0          0          0          0          0   rtexit2.o
        12          4          0          0          0         60   sys_exit.o
        62          0          0          0          0         80   sys_stackheap_outer.o
         2          0          0          0          0         68   use_no_semi.o

    ----------------------------------------------------------------------
      8052        286         16        168         96     134621   Library Totals
         6          0          4          0          0          0   (incl. Padding)

    ----------------------------------------------------------------------

      Code (inc. data)   RO Data    RW Data    ZI Data      Debug   Library Name

      6956        270         12        168          0     133661   RTX_CM0.lib
      1090         16          0          0         96        960   c_p.l

    ----------------------------------------------------------------------
      8052        286         16        168         96     134621   Library Totals

    ----------------------------------------------------------------------

==============================================================================


      Code (inc. data)   RO Data    RW Data    ZI Data      Debug   

     13272        780        448       5632       2104     606959   Grand Totals
     13272        780        448         96       2104     606959   ELF Image Totals (compressed)
     13272        780        448         96          0          0   ROM Totals

==============================================================================

    Total RO  Size (Code + RO Data)                13720 (  13.40kB)
    Total RW  Size (RW Data + ZI Data)              7736 (   7.55kB)
    Total ROM Size (Code + RO Data + RW Data)      13816 (  13.49kB)

==============================================================================

